Archive member included to satisfy reference by file (symbol)

d:/st/stm32cubeide_1.7.0/stm32cubeide/plugins/com.st.stm32cube.ide.mcu.externaltools.gnu-tools-for-stm32.9-2020-q2-update.win32_2.0.0.202105311346/tools/bin/../lib/gcc/arm-none-eabi/9.3.1/../../../../arm-none-eabi/lib/thumb/v7e-m+fp/hard\libc_nano.a(lib_a-errno.o)
                              ./Core/Src/syscalls.o (__errno)
d:/st/stm32cubeide_1.7.0/stm32cubeide/plugins/com.st.stm32cube.ide.mcu.externaltools.gnu-tools-for-stm32.9-2020-q2-update.win32_2.0.0.202105311346/tools/bin/../lib/gcc/arm-none-eabi/9.3.1/../../../../arm-none-eabi/lib/thumb/v7e-m+fp/hard\libc_nano.a(lib_a-exit.o)
                              d:/st/stm32cubeide_1.7.0/stm32cubeide/plugins/com.st.stm32cube.ide.mcu.externaltools.gnu-tools-for-stm32.9-2020-q2-update.win32_2.0.0.202105311346/tools/bin/../lib/gcc/arm-none-eabi/9.3.1/../../../../arm-none-eabi/lib/thumb/v7e-m+fp/hard/crt0.o (exit)
d:/st/stm32cubeide_1.7.0/stm32cubeide/plugins/com.st.stm32cube.ide.mcu.externaltools.gnu-tools-for-stm32.9-2020-q2-update.win32_2.0.0.202105311346/tools/bin/../lib/gcc/arm-none-eabi/9.3.1/../../../../arm-none-eabi/lib/thumb/v7e-m+fp/hard\libc_nano.a(lib_a-impure.o)
                              d:/st/stm32cubeide_1.7.0/stm32cubeide/plugins/com.st.stm32cube.ide.mcu.externaltools.gnu-tools-for-stm32.9-2020-q2-update.win32_2.0.0.202105311346/tools/bin/../lib/gcc/arm-none-eabi/9.3.1/../../../../arm-none-eabi/lib/thumb/v7e-m+fp/hard\libc_nano.a(lib_a-exit.o) (_global_impure_ptr)
d:/st/stm32cubeide_1.7.0/stm32cubeide/plugins/com.st.stm32cube.ide.mcu.externaltools.gnu-tools-for-stm32.9-2020-q2-update.win32_2.0.0.202105311346/tools/bin/../lib/gcc/arm-none-eabi/9.3.1/../../../../arm-none-eabi/lib/thumb/v7e-m+fp/hard\libc_nano.a(lib_a-init.o)
                              d:/st/stm32cubeide_1.7.0/stm32cubeide/plugins/com.st.stm32cube.ide.mcu.externaltools.gnu-tools-for-stm32.9-2020-q2-update.win32_2.0.0.202105311346/tools/bin/../lib/gcc/arm-none-eabi/9.3.1/../../../../arm-none-eabi/lib/thumb/v7e-m+fp/hard/crt0.o (__libc_init_array)
d:/st/stm32cubeide_1.7.0/stm32cubeide/plugins/com.st.stm32cube.ide.mcu.externaltools.gnu-tools-for-stm32.9-2020-q2-update.win32_2.0.0.202105311346/tools/bin/../lib/gcc/arm-none-eabi/9.3.1/../../../../arm-none-eabi/lib/thumb/v7e-m+fp/hard\libc_nano.a(lib_a-memset.o)
                              d:/st/stm32cubeide_1.7.0/stm32cubeide/plugins/com.st.stm32cube.ide.mcu.externaltools.gnu-tools-for-stm32.9-2020-q2-update.win32_2.0.0.202105311346/tools/bin/../lib/gcc/arm-none-eabi/9.3.1/../../../../arm-none-eabi/lib/thumb/v7e-m+fp/hard/crt0.o (memset)

Discarded input sections

 .text          0x0000000000000000        0x0 d:/st/stm32cubeide_1.7.0/stm32cubeide/plugins/com.st.stm32cube.ide.mcu.externaltools.gnu-tools-for-stm32.9-2020-q2-update.win32_2.0.0.202105311346/tools/bin/../lib/gcc/arm-none-eabi/9.3.1/thumb/v7e-m+fp/hard/crti.o
 .data          0x0000000000000000        0x0 d:/st/stm32cubeide_1.7.0/stm32cubeide/plugins/com.st.stm32cube.ide.mcu.externaltools.gnu-tools-for-stm32.9-2020-q2-update.win32_2.0.0.202105311346/tools/bin/../lib/gcc/arm-none-eabi/9.3.1/thumb/v7e-m+fp/hard/crti.o
 .bss           0x0000000000000000        0x0 d:/st/stm32cubeide_1.7.0/stm32cubeide/plugins/com.st.stm32cube.ide.mcu.externaltools.gnu-tools-for-stm32.9-2020-q2-update.win32_2.0.0.202105311346/tools/bin/../lib/gcc/arm-none-eabi/9.3.1/thumb/v7e-m+fp/hard/crti.o
 .data          0x0000000000000000        0x4 d:/st/stm32cubeide_1.7.0/stm32cubeide/plugins/com.st.stm32cube.ide.mcu.externaltools.gnu-tools-for-stm32.9-2020-q2-update.win32_2.0.0.202105311346/tools/bin/../lib/gcc/arm-none-eabi/9.3.1/thumb/v7e-m+fp/hard/crtbegin.o
 .text          0x0000000000000000       0x7c d:/st/stm32cubeide_1.7.0/stm32cubeide/plugins/com.st.stm32cube.ide.mcu.externaltools.gnu-tools-for-stm32.9-2020-q2-update.win32_2.0.0.202105311346/tools/bin/../lib/gcc/arm-none-eabi/9.3.1/../../../../arm-none-eabi/lib/thumb/v7e-m+fp/hard/crt0.o
 .data          0x0000000000000000        0x0 d:/st/stm32cubeide_1.7.0/stm32cubeide/plugins/com.st.stm32cube.ide.mcu.externaltools.gnu-tools-for-stm32.9-2020-q2-update.win32_2.0.0.202105311346/tools/bin/../lib/gcc/arm-none-eabi/9.3.1/../../../../arm-none-eabi/lib/thumb/v7e-m+fp/hard/crt0.o
 .bss           0x0000000000000000        0x0 d:/st/stm32cubeide_1.7.0/stm32cubeide/plugins/com.st.stm32cube.ide.mcu.externaltools.gnu-tools-for-stm32.9-2020-q2-update.win32_2.0.0.202105311346/tools/bin/../lib/gcc/arm-none-eabi/9.3.1/../../../../arm-none-eabi/lib/thumb/v7e-m+fp/hard/crt0.o
 .ARM.extab     0x0000000000000000        0x0 d:/st/stm32cubeide_1.7.0/stm32cubeide/plugins/com.st.stm32cube.ide.mcu.externaltools.gnu-tools-for-stm32.9-2020-q2-update.win32_2.0.0.202105311346/tools/bin/../lib/gcc/arm-none-eabi/9.3.1/../../../../arm-none-eabi/lib/thumb/v7e-m+fp/hard/crt0.o
 .ARM.exidx     0x0000000000000000       0x10 d:/st/stm32cubeide_1.7.0/stm32cubeide/plugins/com.st.stm32cube.ide.mcu.externaltools.gnu-tools-for-stm32.9-2020-q2-update.win32_2.0.0.202105311346/tools/bin/../lib/gcc/arm-none-eabi/9.3.1/../../../../arm-none-eabi/lib/thumb/v7e-m+fp/hard/crt0.o
 .ARM.attributes
                0x0000000000000000       0x1c d:/st/stm32cubeide_1.7.0/stm32cubeide/plugins/com.st.stm32cube.ide.mcu.externaltools.gnu-tools-for-stm32.9-2020-q2-update.win32_2.0.0.202105311346/tools/bin/../lib/gcc/arm-none-eabi/9.3.1/../../../../arm-none-eabi/lib/thumb/v7e-m+fp/hard/crt0.o
 .group         0x0000000000000000        0xc ./Core/Src/main.o
 .group         0x0000000000000000        0xc ./Core/Src/main.o
 .group         0x0000000000000000        0xc ./Core/Src/main.o
 .group         0x0000000000000000        0xc ./Core/Src/main.o
 .group         0x0000000000000000        0xc ./Core/Src/main.o
 .group         0x0000000000000000        0xc ./Core/Src/main.o
 .group         0x0000000000000000        0xc ./Core/Src/main.o
 .group         0x0000000000000000        0xc ./Core/Src/main.o
 .group         0x0000000000000000        0xc ./Core/Src/main.o
 .group         0x0000000000000000        0xc ./Core/Src/main.o
 .group         0x0000000000000000        0xc ./Core/Src/main.o
 .group         0x0000000000000000        0xc ./Core/Src/main.o
 .group         0x0000000000000000        0xc ./Core/Src/main.o
 .group         0x0000000000000000        0xc ./Core/Src/main.o
 .group         0x0000000000000000        0xc ./Core/Src/main.o
 .group         0x0000000000000000        0xc ./Core/Src/main.o
 .group         0x0000000000000000        0xc ./Core/Src/main.o
 .group         0x0000000000000000        0xc ./Core/Src/main.o
 .group         0x0000000000000000        0xc ./Core/Src/main.o
 .group         0x0000000000000000        0xc ./Core/Src/main.o
 .group         0x0000000000000000        0xc ./Core/Src/main.o
 .group         0x0000000000000000        0xc ./Core/Src/main.o
 .group         0x0000000000000000        0xc ./Core/Src/main.o
 .group         0x0000000000000000        0xc ./Core/Src/main.o
 .group         0x0000000000000000        0xc ./Core/Src/main.o
 .group         0x0000000000000000        0xc ./Core/Src/main.o
 .text          0x0000000000000000        0x0 ./Core/Src/main.o
 .data          0x0000000000000000        0x0 ./Core/Src/main.o
 .bss           0x0000000000000000        0x0 ./Core/Src/main.o
 .text.LL_RCC_HSI_Enable
                0x0000000000000000       0x20 ./Core/Src/main.o
 .text.LL_RCC_HSI_IsReady
                0x0000000000000000       0x24 ./Core/Src/main.o
 .text.LL_RCC_HSI_SetCalibTrimming
                0x0000000000000000       0x2c ./Core/Src/main.o
 .text.LL_RCC_SetSysClkSource
                0x0000000000000000       0x28 ./Core/Src/main.o
 .text.LL_RCC_GetSysClkSource
                0x0000000000000000       0x1c ./Core/Src/main.o
 .text.LL_RCC_SetAHBPrescaler
                0x0000000000000000       0x28 ./Core/Src/main.o
 .text.LL_RCC_SetAPB1Prescaler
                0x0000000000000000       0x28 ./Core/Src/main.o
 .text.LL_RCC_SetAPB2Prescaler
                0x0000000000000000       0x28 ./Core/Src/main.o
 .text.LL_FLASH_SetLatency
                0x0000000000000000       0x28 ./Core/Src/main.o
 .text.LL_FLASH_GetLatency
                0x0000000000000000       0x1c ./Core/Src/main.o
 .rodata.CHANNEL_OFFSET_TAB
                0x0000000000000000        0x7 ./Core/Src/main.o
 .text.SystemClock_Config
                0x0000000000000000       0x64 ./Core/Src/main.o
 .text.Error_Handler
                0x0000000000000000        0xa ./Core/Src/main.o
 .group         0x0000000000000000        0xc ./Core/Src/stm32f3xx_it.o
 .group         0x0000000000000000        0xc ./Core/Src/stm32f3xx_it.o
 .group         0x0000000000000000        0xc ./Core/Src/stm32f3xx_it.o
 .group         0x0000000000000000        0xc ./Core/Src/stm32f3xx_it.o
 .group         0x0000000000000000        0xc ./Core/Src/stm32f3xx_it.o
 .group         0x0000000000000000        0xc ./Core/Src/stm32f3xx_it.o
 .group         0x0000000000000000        0xc ./Core/Src/stm32f3xx_it.o
 .group         0x0000000000000000        0xc ./Core/Src/stm32f3xx_it.o
 .group         0x0000000000000000        0xc ./Core/Src/stm32f3xx_it.o
 .group         0x0000000000000000        0xc ./Core/Src/stm32f3xx_it.o
 .group         0x0000000000000000        0xc ./Core/Src/stm32f3xx_it.o
 .group         0x0000000000000000        0xc ./Core/Src/stm32f3xx_it.o
 .group         0x0000000000000000        0xc ./Core/Src/stm32f3xx_it.o
 .group         0x0000000000000000        0xc ./Core/Src/stm32f3xx_it.o
 .group         0x0000000000000000        0xc ./Core/Src/stm32f3xx_it.o
 .group         0x0000000000000000        0xc ./Core/Src/stm32f3xx_it.o
 .group         0x0000000000000000        0xc ./Core/Src/stm32f3xx_it.o
 .group         0x0000000000000000        0xc ./Core/Src/stm32f3xx_it.o
 .group         0x0000000000000000        0xc ./Core/Src/stm32f3xx_it.o
 .group         0x0000000000000000        0xc ./Core/Src/stm32f3xx_it.o
 .group         0x0000000000000000        0xc ./Core/Src/stm32f3xx_it.o
 .group         0x0000000000000000        0xc ./Core/Src/stm32f3xx_it.o
 .group         0x0000000000000000        0xc ./Core/Src/stm32f3xx_it.o
 .group         0x0000000000000000        0xc ./Core/Src/stm32f3xx_it.o
 .group         0x0000000000000000        0xc ./Core/Src/stm32f3xx_it.o
 .text          0x0000000000000000        0x0 ./Core/Src/stm32f3xx_it.o
 .data          0x0000000000000000        0x0 ./Core/Src/stm32f3xx_it.o
 .bss           0x0000000000000000        0x0 ./Core/Src/stm32f3xx_it.o
 .rodata.CHANNEL_OFFSET_TAB
                0x0000000000000000        0x7 ./Core/Src/stm32f3xx_it.o
 .debug_macro   0x0000000000000000      0xade ./Core/Src/stm32f3xx_it.o
 .debug_macro   0x0000000000000000       0x2e ./Core/Src/stm32f3xx_it.o
 .debug_macro   0x0000000000000000       0x28 ./Core/Src/stm32f3xx_it.o
 .debug_macro   0x0000000000000000       0x22 ./Core/Src/stm32f3xx_it.o
 .debug_macro   0x0000000000000000       0x8e ./Core/Src/stm32f3xx_it.o
 .debug_macro   0x0000000000000000       0x51 ./Core/Src/stm32f3xx_it.o
 .debug_macro   0x0000000000000000      0x103 ./Core/Src/stm32f3xx_it.o
 .debug_macro   0x0000000000000000       0x6a ./Core/Src/stm32f3xx_it.o
 .debug_macro   0x0000000000000000      0x1df ./Core/Src/stm32f3xx_it.o
 .debug_macro   0x0000000000000000       0x1c ./Core/Src/stm32f3xx_it.o
 .debug_macro   0x0000000000000000       0x22 ./Core/Src/stm32f3xx_it.o
 .debug_macro   0x0000000000000000       0xdf ./Core/Src/stm32f3xx_it.o
 .debug_macro   0x0000000000000000      0xf07 ./Core/Src/stm32f3xx_it.o
 .debug_macro   0x0000000000000000    0x10be0 ./Core/Src/stm32f3xx_it.o
 .debug_macro   0x0000000000000000       0x6d ./Core/Src/stm32f3xx_it.o
 .debug_macro   0x0000000000000000      0x4bc ./Core/Src/stm32f3xx_it.o
 .debug_macro   0x0000000000000000       0xe1 ./Core/Src/stm32f3xx_it.o
 .debug_macro   0x0000000000000000      0x29f ./Core/Src/stm32f3xx_it.o
 .debug_macro   0x0000000000000000       0xfe ./Core/Src/stm32f3xx_it.o
 .debug_macro   0x0000000000000000       0x28 ./Core/Src/stm32f3xx_it.o
 .debug_macro   0x0000000000000000       0x30 ./Core/Src/stm32f3xx_it.o
 .debug_macro   0x0000000000000000       0xa8 ./Core/Src/stm32f3xx_it.o
 .debug_macro   0x0000000000000000      0x287 ./Core/Src/stm32f3xx_it.o
 .debug_macro   0x0000000000000000      0x142 ./Core/Src/stm32f3xx_it.o
 .debug_macro   0x0000000000000000       0x22 ./Core/Src/stm32f3xx_it.o
 .group         0x0000000000000000        0xc ./Core/Src/syscalls.o
 .group         0x0000000000000000        0xc ./Core/Src/syscalls.o
 .group         0x0000000000000000        0xc ./Core/Src/syscalls.o
 .group         0x0000000000000000        0xc ./Core/Src/syscalls.o
 .group         0x0000000000000000        0xc ./Core/Src/syscalls.o
 .group         0x0000000000000000        0xc ./Core/Src/syscalls.o
 .group         0x0000000000000000        0xc ./Core/Src/syscalls.o
 .group         0x0000000000000000        0xc ./Core/Src/syscalls.o
 .group         0x0000000000000000        0xc ./Core/Src/syscalls.o
 .group         0x0000000000000000        0xc ./Core/Src/syscalls.o
 .group         0x0000000000000000        0xc ./Core/Src/syscalls.o
 .group         0x0000000000000000        0xc ./Core/Src/syscalls.o
 .group         0x0000000000000000        0xc ./Core/Src/syscalls.o
 .group         0x0000000000000000        0xc ./Core/Src/syscalls.o
 .group         0x0000000000000000        0xc ./Core/Src/syscalls.o
 .group         0x0000000000000000        0xc ./Core/Src/syscalls.o
 .group         0x0000000000000000        0xc ./Core/Src/syscalls.o
 .group         0x0000000000000000        0xc ./Core/Src/syscalls.o
 .group         0x0000000000000000        0xc ./Core/Src/syscalls.o
 .group         0x0000000000000000        0xc ./Core/Src/syscalls.o
 .group         0x0000000000000000        0xc ./Core/Src/syscalls.o
 .group         0x0000000000000000        0xc ./Core/Src/syscalls.o
 .group         0x0000000000000000        0xc ./Core/Src/syscalls.o
 .group         0x0000000000000000        0xc ./Core/Src/syscalls.o
 .group         0x0000000000000000        0xc ./Core/Src/syscalls.o
 .group         0x0000000000000000        0xc ./Core/Src/syscalls.o
 .group         0x0000000000000000        0xc ./Core/Src/syscalls.o
 .group         0x0000000000000000        0xc ./Core/Src/syscalls.o
 .group         0x0000000000000000        0xc ./Core/Src/syscalls.o
 .group         0x0000000000000000        0xc ./Core/Src/syscalls.o
 .group         0x0000000000000000        0xc ./Core/Src/syscalls.o
 .group         0x0000000000000000        0xc ./Core/Src/syscalls.o
 .group         0x0000000000000000        0xc ./Core/Src/syscalls.o
 .group         0x0000000000000000        0xc ./Core/Src/syscalls.o
 .group         0x0000000000000000        0xc ./Core/Src/syscalls.o
 .group         0x0000000000000000        0xc ./Core/Src/syscalls.o
 .group         0x0000000000000000        0xc ./Core/Src/syscalls.o
 .group         0x0000000000000000        0xc ./Core/Src/syscalls.o
 .group         0x0000000000000000        0xc ./Core/Src/syscalls.o
 .group         0x0000000000000000        0xc ./Core/Src/syscalls.o
 .group         0x0000000000000000        0xc ./Core/Src/syscalls.o
 .group         0x0000000000000000        0xc ./Core/Src/syscalls.o
 .group         0x0000000000000000        0xc ./Core/Src/syscalls.o
 .group         0x0000000000000000        0xc ./Core/Src/syscalls.o
 .group         0x0000000000000000        0xc ./Core/Src/syscalls.o
 .group         0x0000000000000000        0xc ./Core/Src/syscalls.o
 .group         0x0000000000000000        0xc ./Core/Src/syscalls.o
 .text          0x0000000000000000        0x0 ./Core/Src/syscalls.o
 .data          0x0000000000000000        0x0 ./Core/Src/syscalls.o
 .bss           0x0000000000000000        0x0 ./Core/Src/syscalls.o
 .bss.__env     0x0000000000000000        0x4 ./Core/Src/syscalls.o
 .data.environ  0x0000000000000000        0x4 ./Core/Src/syscalls.o
 .text.initialise_monitor_handles
                0x0000000000000000        0xe ./Core/Src/syscalls.o
 .text._getpid  0x0000000000000000       0x10 ./Core/Src/syscalls.o
 .text._kill    0x0000000000000000       0x20 ./Core/Src/syscalls.o
 .text._exit    0x0000000000000000       0x14 ./Core/Src/syscalls.o
 .text._read    0x0000000000000000       0x3a ./Core/Src/syscalls.o
 .text._write   0x0000000000000000       0x38 ./Core/Src/syscalls.o
 .text._close   0x0000000000000000       0x18 ./Core/Src/syscalls.o
 .text._fstat   0x0000000000000000       0x20 ./Core/Src/syscalls.o
 .text._isatty  0x0000000000000000       0x16 ./Core/Src/syscalls.o
 .text._lseek   0x0000000000000000       0x1a ./Core/Src/syscalls.o
 .text._open    0x0000000000000000       0x1c ./Core/Src/syscalls.o
 .text._wait    0x0000000000000000       0x1e ./Core/Src/syscalls.o
 .text._unlink  0x0000000000000000       0x1e ./Core/Src/syscalls.o
 .text._times   0x0000000000000000       0x18 ./Core/Src/syscalls.o
 .text._stat    0x0000000000000000       0x20 ./Core/Src/syscalls.o
 .text._link    0x0000000000000000       0x20 ./Core/Src/syscalls.o
 .text._fork    0x0000000000000000       0x16 ./Core/Src/syscalls.o
 .text._execve  0x0000000000000000       0x22 ./Core/Src/syscalls.o
 .debug_info    0x0000000000000000      0xfa8 ./Core/Src/syscalls.o
 .debug_abbrev  0x0000000000000000      0x286 ./Core/Src/syscalls.o
 .debug_aranges
                0x0000000000000000       0xa8 ./Core/Src/syscalls.o
 .debug_ranges  0x0000000000000000       0x98 ./Core/Src/syscalls.o
 .debug_macro   0x0000000000000000      0x24c ./Core/Src/syscalls.o
 .debug_macro   0x0000000000000000      0xade ./Core/Src/syscalls.o
 .debug_macro   0x0000000000000000       0x22 ./Core/Src/syscalls.o
 .debug_macro   0x0000000000000000       0x4c ./Core/Src/syscalls.o
 .debug_macro   0x0000000000000000       0x18 ./Core/Src/syscalls.o
 .debug_macro   0x0000000000000000       0x94 ./Core/Src/syscalls.o
 .debug_macro   0x0000000000000000       0x3c ./Core/Src/syscalls.o
 .debug_macro   0x0000000000000000       0x34 ./Core/Src/syscalls.o
 .debug_macro   0x0000000000000000       0x57 ./Core/Src/syscalls.o
 .debug_macro   0x0000000000000000      0x174 ./Core/Src/syscalls.o
 .debug_macro   0x0000000000000000      0x339 ./Core/Src/syscalls.o
 .debug_macro   0x0000000000000000       0x16 ./Core/Src/syscalls.o
 .debug_macro   0x0000000000000000       0x43 ./Core/Src/syscalls.o
 .debug_macro   0x0000000000000000       0x34 ./Core/Src/syscalls.o
 .debug_macro   0x0000000000000000       0x10 ./Core/Src/syscalls.o
 .debug_macro   0x0000000000000000       0x58 ./Core/Src/syscalls.o
 .debug_macro   0x0000000000000000       0x71 ./Core/Src/syscalls.o
 .debug_macro   0x0000000000000000       0x1c ./Core/Src/syscalls.o
 .debug_macro   0x0000000000000000      0x12a ./Core/Src/syscalls.o
 .debug_macro   0x0000000000000000       0x10 ./Core/Src/syscalls.o
 .debug_macro   0x0000000000000000       0x35 ./Core/Src/syscalls.o
 .debug_macro   0x0000000000000000       0x10 ./Core/Src/syscalls.o
 .debug_macro   0x0000000000000000       0x10 ./Core/Src/syscalls.o
 .debug_macro   0x0000000000000000       0x10 ./Core/Src/syscalls.o
 .debug_macro   0x0000000000000000       0x6a ./Core/Src/syscalls.o
 .debug_macro   0x0000000000000000       0x1c ./Core/Src/syscalls.o
 .debug_macro   0x0000000000000000       0x52 ./Core/Src/syscalls.o
 .debug_macro   0x0000000000000000       0x22 ./Core/Src/syscalls.o
 .debug_macro   0x0000000000000000       0x10 ./Core/Src/syscalls.o
 .debug_macro   0x0000000000000000       0x40 ./Core/Src/syscalls.o
 .debug_macro   0x0000000000000000       0xd5 ./Core/Src/syscalls.o
 .debug_macro   0x0000000000000000       0x1c ./Core/Src/syscalls.o
 .debug_macro   0x0000000000000000       0x3d ./Core/Src/syscalls.o
 .debug_macro   0x0000000000000000       0x35 ./Core/Src/syscalls.o
 .debug_macro   0x0000000000000000      0x12c ./Core/Src/syscalls.o
 .debug_macro   0x0000000000000000       0x16 ./Core/Src/syscalls.o
 .debug_macro   0x0000000000000000       0x16 ./Core/Src/syscalls.o
 .debug_macro   0x0000000000000000       0x29 ./Core/Src/syscalls.o
 .debug_macro   0x0000000000000000       0x10 ./Core/Src/syscalls.o
 .debug_macro   0x0000000000000000      0x241 ./Core/Src/syscalls.o
 .debug_macro   0x0000000000000000       0x1c ./Core/Src/syscalls.o
 .debug_macro   0x0000000000000000       0x10 ./Core/Src/syscalls.o
 .debug_macro   0x0000000000000000       0x10 ./Core/Src/syscalls.o
 .debug_macro   0x0000000000000000       0x16 ./Core/Src/syscalls.o
 .debug_macro   0x0000000000000000      0x145 ./Core/Src/syscalls.o
 .debug_macro   0x0000000000000000      0x189 ./Core/Src/syscalls.o
 .debug_macro   0x0000000000000000       0x16 ./Core/Src/syscalls.o
 .debug_macro   0x0000000000000000       0xce ./Core/Src/syscalls.o
 .debug_line    0x0000000000000000      0x802 ./Core/Src/syscalls.o
 .debug_str     0x0000000000000000     0x8fb0 ./Core/Src/syscalls.o
 .comment       0x0000000000000000       0x54 ./Core/Src/syscalls.o
 .debug_frame   0x0000000000000000      0x2ac ./Core/Src/syscalls.o
 .ARM.attributes
                0x0000000000000000       0x34 ./Core/Src/syscalls.o
 .group         0x0000000000000000        0xc ./Core/Src/sysmem.o
 .group         0x0000000000000000        0xc ./Core/Src/sysmem.o
 .group         0x0000000000000000        0xc ./Core/Src/sysmem.o
 .group         0x0000000000000000        0xc ./Core/Src/sysmem.o
 .group         0x0000000000000000        0xc ./Core/Src/sysmem.o
 .group         0x0000000000000000        0xc ./Core/Src/sysmem.o
 .group         0x0000000000000000        0xc ./Core/Src/sysmem.o
 .group         0x0000000000000000        0xc ./Core/Src/sysmem.o
 .group         0x0000000000000000        0xc ./Core/Src/sysmem.o
 .group         0x0000000000000000        0xc ./Core/Src/sysmem.o
 .group         0x0000000000000000        0xc ./Core/Src/sysmem.o
 .group         0x0000000000000000        0xc ./Core/Src/sysmem.o
 .group         0x0000000000000000        0xc ./Core/Src/sysmem.o
 .group         0x0000000000000000        0xc ./Core/Src/sysmem.o
 .group         0x0000000000000000        0xc ./Core/Src/sysmem.o
 .group         0x0000000000000000        0xc ./Core/Src/sysmem.o
 .group         0x0000000000000000        0xc ./Core/Src/sysmem.o
 .group         0x0000000000000000        0xc ./Core/Src/sysmem.o
 .group         0x0000000000000000        0xc ./Core/Src/sysmem.o
 .group         0x0000000000000000        0xc ./Core/Src/sysmem.o
 .group         0x0000000000000000        0xc ./Core/Src/sysmem.o
 .group         0x0000000000000000        0xc ./Core/Src/sysmem.o
 .text          0x0000000000000000        0x0 ./Core/Src/sysmem.o
 .data          0x0000000000000000        0x0 ./Core/Src/sysmem.o
 .bss           0x0000000000000000        0x0 ./Core/Src/sysmem.o
 .bss.__sbrk_heap_end
                0x0000000000000000        0x4 ./Core/Src/sysmem.o
 .text._sbrk    0x0000000000000000       0x6c ./Core/Src/sysmem.o
 .debug_info    0x0000000000000000      0xa25 ./Core/Src/sysmem.o
 .debug_abbrev  0x0000000000000000      0x1bf ./Core/Src/sysmem.o
 .debug_aranges
                0x0000000000000000       0x20 ./Core/Src/sysmem.o
 .debug_ranges  0x0000000000000000       0x10 ./Core/Src/sysmem.o
 .debug_macro   0x0000000000000000       0xff ./Core/Src/sysmem.o
 .debug_macro   0x0000000000000000      0xade ./Core/Src/sysmem.o
 .debug_macro   0x0000000000000000       0x10 ./Core/Src/sysmem.o
 .debug_macro   0x0000000000000000       0x22 ./Core/Src/sysmem.o
 .debug_macro   0x0000000000000000       0x4c ./Core/Src/sysmem.o
 .debug_macro   0x0000000000000000       0x18 ./Core/Src/sysmem.o
 .debug_macro   0x0000000000000000       0x94 ./Core/Src/sysmem.o
 .debug_macro   0x0000000000000000       0x3c ./Core/Src/sysmem.o
 .debug_macro   0x0000000000000000       0x34 ./Core/Src/sysmem.o
 .debug_macro   0x0000000000000000      0x174 ./Core/Src/sysmem.o
 .debug_macro   0x0000000000000000       0x16 ./Core/Src/sysmem.o
 .debug_macro   0x0000000000000000       0x43 ./Core/Src/sysmem.o
 .debug_macro   0x0000000000000000       0x57 ./Core/Src/sysmem.o
 .debug_macro   0x0000000000000000       0x34 ./Core/Src/sysmem.o
 .debug_macro   0x0000000000000000       0x10 ./Core/Src/sysmem.o
 .debug_macro   0x0000000000000000       0x58 ./Core/Src/sysmem.o
 .debug_macro   0x0000000000000000       0x71 ./Core/Src/sysmem.o
 .debug_macro   0x0000000000000000       0x1c ./Core/Src/sysmem.o
 .debug_macro   0x0000000000000000      0x12a ./Core/Src/sysmem.o
 .debug_macro   0x0000000000000000      0x23b ./Core/Src/sysmem.o
 .debug_macro   0x0000000000000000      0x103 ./Core/Src/sysmem.o
 .debug_macro   0x0000000000000000       0x6a ./Core/Src/sysmem.o
 .debug_macro   0x0000000000000000      0x1df ./Core/Src/sysmem.o
 .debug_line    0x0000000000000000      0x4f8 ./Core/Src/sysmem.o
 .debug_str     0x0000000000000000     0x6383 ./Core/Src/sysmem.o
 .comment       0x0000000000000000       0x54 ./Core/Src/sysmem.o
 .debug_frame   0x0000000000000000       0x34 ./Core/Src/sysmem.o
 .ARM.attributes
                0x0000000000000000       0x34 ./Core/Src/sysmem.o
 .group         0x0000000000000000        0xc ./Core/Src/system_stm32f3xx.o
 .group         0x0000000000000000        0xc ./Core/Src/system_stm32f3xx.o
 .group         0x0000000000000000        0xc ./Core/Src/system_stm32f3xx.o
 .group         0x0000000000000000        0xc ./Core/Src/system_stm32f3xx.o
 .group         0x0000000000000000        0xc ./Core/Src/system_stm32f3xx.o
 .group         0x0000000000000000        0xc ./Core/Src/system_stm32f3xx.o
 .group         0x0000000000000000        0xc ./Core/Src/system_stm32f3xx.o
 .group         0x0000000000000000        0xc ./Core/Src/system_stm32f3xx.o
 .group         0x0000000000000000        0xc ./Core/Src/system_stm32f3xx.o
 .group         0x0000000000000000        0xc ./Core/Src/system_stm32f3xx.o
 .group         0x0000000000000000        0xc ./Core/Src/system_stm32f3xx.o
 .group         0x0000000000000000        0xc ./Core/Src/system_stm32f3xx.o
 .group         0x0000000000000000        0xc ./Core/Src/system_stm32f3xx.o
 .group         0x0000000000000000        0xc ./Core/Src/system_stm32f3xx.o
 .group         0x0000000000000000        0xc ./Core/Src/system_stm32f3xx.o
 .text          0x0000000000000000        0x0 ./Core/Src/system_stm32f3xx.o
 .data          0x0000000000000000        0x0 ./Core/Src/system_stm32f3xx.o
 .bss           0x0000000000000000        0x0 ./Core/Src/system_stm32f3xx.o
 .data.SystemCoreClock
                0x0000000000000000        0x4 ./Core/Src/system_stm32f3xx.o
 .rodata.AHBPrescTable
                0x0000000000000000       0x10 ./Core/Src/system_stm32f3xx.o
 .rodata.APBPrescTable
                0x0000000000000000        0x8 ./Core/Src/system_stm32f3xx.o
 .text.SystemCoreClockUpdate
                0x0000000000000000       0xe0 ./Core/Src/system_stm32f3xx.o
 .debug_macro   0x0000000000000000      0xade ./Core/Src/system_stm32f3xx.o
 .debug_macro   0x0000000000000000       0x2e ./Core/Src/system_stm32f3xx.o
 .debug_macro   0x0000000000000000       0x28 ./Core/Src/system_stm32f3xx.o
 .debug_macro   0x0000000000000000       0x22 ./Core/Src/system_stm32f3xx.o
 .debug_macro   0x0000000000000000       0x8e ./Core/Src/system_stm32f3xx.o
 .debug_macro   0x0000000000000000       0x51 ./Core/Src/system_stm32f3xx.o
 .debug_macro   0x0000000000000000      0x103 ./Core/Src/system_stm32f3xx.o
 .debug_macro   0x0000000000000000       0x6a ./Core/Src/system_stm32f3xx.o
 .debug_macro   0x0000000000000000      0x1df ./Core/Src/system_stm32f3xx.o
 .debug_macro   0x0000000000000000       0x1c ./Core/Src/system_stm32f3xx.o
 .debug_macro   0x0000000000000000       0x22 ./Core/Src/system_stm32f3xx.o
 .debug_macro   0x0000000000000000       0xdf ./Core/Src/system_stm32f3xx.o
 .debug_macro   0x0000000000000000      0xf07 ./Core/Src/system_stm32f3xx.o
 .debug_macro   0x0000000000000000    0x10be0 ./Core/Src/system_stm32f3xx.o
 .debug_macro   0x0000000000000000       0x6d ./Core/Src/system_stm32f3xx.o
 .text          0x0000000000000000       0x14 ./Core/Startup/startup_stm32f303k8tx.o
 .data          0x0000000000000000        0x0 ./Core/Startup/startup_stm32f303k8tx.o
 .bss           0x0000000000000000        0x0 ./Core/Startup/startup_stm32f303k8tx.o
 .group         0x0000000000000000        0xc ./Drivers/STM32F3xx_HAL_Driver/Src/stm32f3xx_ll_exti.o
 .group         0x0000000000000000        0xc ./Drivers/STM32F3xx_HAL_Driver/Src/stm32f3xx_ll_exti.o
 .group         0x0000000000000000        0xc ./Drivers/STM32F3xx_HAL_Driver/Src/stm32f3xx_ll_exti.o
 .group         0x0000000000000000        0xc ./Drivers/STM32F3xx_HAL_Driver/Src/stm32f3xx_ll_exti.o
 .group         0x0000000000000000        0xc ./Drivers/STM32F3xx_HAL_Driver/Src/stm32f3xx_ll_exti.o
 .group         0x0000000000000000        0xc ./Drivers/STM32F3xx_HAL_Driver/Src/stm32f3xx_ll_exti.o
 .group         0x0000000000000000        0xc ./Drivers/STM32F3xx_HAL_Driver/Src/stm32f3xx_ll_exti.o
 .group         0x0000000000000000        0xc ./Drivers/STM32F3xx_HAL_Driver/Src/stm32f3xx_ll_exti.o
 .group         0x0000000000000000        0xc ./Drivers/STM32F3xx_HAL_Driver/Src/stm32f3xx_ll_exti.o
 .group         0x0000000000000000        0xc ./Drivers/STM32F3xx_HAL_Driver/Src/stm32f3xx_ll_exti.o
 .group         0x0000000000000000        0xc ./Drivers/STM32F3xx_HAL_Driver/Src/stm32f3xx_ll_exti.o
 .group         0x0000000000000000        0xc ./Drivers/STM32F3xx_HAL_Driver/Src/stm32f3xx_ll_exti.o
 .group         0x0000000000000000        0xc ./Drivers/STM32F3xx_HAL_Driver/Src/stm32f3xx_ll_exti.o
 .group         0x0000000000000000        0xc ./Drivers/STM32F3xx_HAL_Driver/Src/stm32f3xx_ll_exti.o
 .group         0x0000000000000000        0xc ./Drivers/STM32F3xx_HAL_Driver/Src/stm32f3xx_ll_exti.o
 .group         0x0000000000000000        0xc ./Drivers/STM32F3xx_HAL_Driver/Src/stm32f3xx_ll_exti.o
 .text          0x0000000000000000        0x0 ./Drivers/STM32F3xx_HAL_Driver/Src/stm32f3xx_ll_exti.o
 .data          0x0000000000000000        0x0 ./Drivers/STM32F3xx_HAL_Driver/Src/stm32f3xx_ll_exti.o
 .bss           0x0000000000000000        0x0 ./Drivers/STM32F3xx_HAL_Driver/Src/stm32f3xx_ll_exti.o
 .text.LL_EXTI_EnableIT_0_31
                0x0000000000000000       0x24 ./Drivers/STM32F3xx_HAL_Driver/Src/stm32f3xx_ll_exti.o
 .text.LL_EXTI_EnableIT_32_63
                0x0000000000000000       0x24 ./Drivers/STM32F3xx_HAL_Driver/Src/stm32f3xx_ll_exti.o
 .text.LL_EXTI_DisableIT_0_31
                0x0000000000000000       0x28 ./Drivers/STM32F3xx_HAL_Driver/Src/stm32f3xx_ll_exti.o
 .text.LL_EXTI_DisableIT_32_63
                0x0000000000000000       0x28 ./Drivers/STM32F3xx_HAL_Driver/Src/stm32f3xx_ll_exti.o
 .text.LL_EXTI_EnableEvent_0_31
                0x0000000000000000       0x24 ./Drivers/STM32F3xx_HAL_Driver/Src/stm32f3xx_ll_exti.o
 .text.LL_EXTI_EnableEvent_32_63
                0x0000000000000000       0x24 ./Drivers/STM32F3xx_HAL_Driver/Src/stm32f3xx_ll_exti.o
 .text.LL_EXTI_DisableEvent_0_31
                0x0000000000000000       0x28 ./Drivers/STM32F3xx_HAL_Driver/Src/stm32f3xx_ll_exti.o
 .text.LL_EXTI_DisableEvent_32_63
                0x0000000000000000       0x28 ./Drivers/STM32F3xx_HAL_Driver/Src/stm32f3xx_ll_exti.o
 .text.LL_EXTI_EnableRisingTrig_0_31
                0x0000000000000000       0x24 ./Drivers/STM32F3xx_HAL_Driver/Src/stm32f3xx_ll_exti.o
 .text.LL_EXTI_EnableRisingTrig_32_63
                0x0000000000000000       0x24 ./Drivers/STM32F3xx_HAL_Driver/Src/stm32f3xx_ll_exti.o
 .text.LL_EXTI_DisableRisingTrig_0_31
                0x0000000000000000       0x28 ./Drivers/STM32F3xx_HAL_Driver/Src/stm32f3xx_ll_exti.o
 .text.LL_EXTI_DisableRisingTrig_32_63
                0x0000000000000000       0x28 ./Drivers/STM32F3xx_HAL_Driver/Src/stm32f3xx_ll_exti.o
 .text.LL_EXTI_EnableFallingTrig_0_31
                0x0000000000000000       0x24 ./Drivers/STM32F3xx_HAL_Driver/Src/stm32f3xx_ll_exti.o
 .text.LL_EXTI_EnableFallingTrig_32_63
                0x0000000000000000       0x24 ./Drivers/STM32F3xx_HAL_Driver/Src/stm32f3xx_ll_exti.o
 .text.LL_EXTI_DisableFallingTrig_0_31
                0x0000000000000000       0x28 ./Drivers/STM32F3xx_HAL_Driver/Src/stm32f3xx_ll_exti.o
 .text.LL_EXTI_DisableFallingTrig_32_63
                0x0000000000000000       0x28 ./Drivers/STM32F3xx_HAL_Driver/Src/stm32f3xx_ll_exti.o
 .text.LL_EXTI_DeInit
                0x0000000000000000       0x64 ./Drivers/STM32F3xx_HAL_Driver/Src/stm32f3xx_ll_exti.o
 .text.LL_EXTI_Init
                0x0000000000000000      0x1e6 ./Drivers/STM32F3xx_HAL_Driver/Src/stm32f3xx_ll_exti.o
 .text.LL_EXTI_StructInit
                0x0000000000000000       0x32 ./Drivers/STM32F3xx_HAL_Driver/Src/stm32f3xx_ll_exti.o
 .debug_info    0x0000000000000000      0x59b ./Drivers/STM32F3xx_HAL_Driver/Src/stm32f3xx_ll_exti.o
 .debug_abbrev  0x0000000000000000      0x1c2 ./Drivers/STM32F3xx_HAL_Driver/Src/stm32f3xx_ll_exti.o
 .debug_aranges
                0x0000000000000000       0xb0 ./Drivers/STM32F3xx_HAL_Driver/Src/stm32f3xx_ll_exti.o
 .debug_ranges  0x0000000000000000       0xa0 ./Drivers/STM32F3xx_HAL_Driver/Src/stm32f3xx_ll_exti.o
 .debug_macro   0x0000000000000000       0xea ./Drivers/STM32F3xx_HAL_Driver/Src/stm32f3xx_ll_exti.o
 .debug_macro   0x0000000000000000      0xade ./Drivers/STM32F3xx_HAL_Driver/Src/stm32f3xx_ll_exti.o
 .debug_macro   0x0000000000000000       0x2e ./Drivers/STM32F3xx_HAL_Driver/Src/stm32f3xx_ll_exti.o
 .debug_macro   0x0000000000000000       0x28 ./Drivers/STM32F3xx_HAL_Driver/Src/stm32f3xx_ll_exti.o
 .debug_macro   0x0000000000000000       0x22 ./Drivers/STM32F3xx_HAL_Driver/Src/stm32f3xx_ll_exti.o
 .debug_macro   0x0000000000000000       0x8e ./Drivers/STM32F3xx_HAL_Driver/Src/stm32f3xx_ll_exti.o
 .debug_macro   0x0000000000000000       0x51 ./Drivers/STM32F3xx_HAL_Driver/Src/stm32f3xx_ll_exti.o
 .debug_macro   0x0000000000000000      0x103 ./Drivers/STM32F3xx_HAL_Driver/Src/stm32f3xx_ll_exti.o
 .debug_macro   0x0000000000000000       0x6a ./Drivers/STM32F3xx_HAL_Driver/Src/stm32f3xx_ll_exti.o
 .debug_macro   0x0000000000000000      0x1df ./Drivers/STM32F3xx_HAL_Driver/Src/stm32f3xx_ll_exti.o
 .debug_macro   0x0000000000000000       0x1c ./Drivers/STM32F3xx_HAL_Driver/Src/stm32f3xx_ll_exti.o
 .debug_macro   0x0000000000000000       0x22 ./Drivers/STM32F3xx_HAL_Driver/Src/stm32f3xx_ll_exti.o
 .debug_macro   0x0000000000000000       0xdf ./Drivers/STM32F3xx_HAL_Driver/Src/stm32f3xx_ll_exti.o
 .debug_macro   0x0000000000000000      0xf07 ./Drivers/STM32F3xx_HAL_Driver/Src/stm32f3xx_ll_exti.o
 .debug_macro   0x0000000000000000    0x10be0 ./Drivers/STM32F3xx_HAL_Driver/Src/stm32f3xx_ll_exti.o
 .debug_macro   0x0000000000000000       0x6d ./Drivers/STM32F3xx_HAL_Driver/Src/stm32f3xx_ll_exti.o
 .debug_macro   0x0000000000000000       0xf8 ./Drivers/STM32F3xx_HAL_Driver/Src/stm32f3xx_ll_exti.o
 .debug_line    0x0000000000000000      0x703 ./Drivers/STM32F3xx_HAL_Driver/Src/stm32f3xx_ll_exti.o
 .debug_str     0x0000000000000000    0x66070 ./Drivers/STM32F3xx_HAL_Driver/Src/stm32f3xx_ll_exti.o
 .comment       0x0000000000000000       0x54 ./Drivers/STM32F3xx_HAL_Driver/Src/stm32f3xx_ll_exti.o
 .debug_frame   0x0000000000000000      0x2fc ./Drivers/STM32F3xx_HAL_Driver/Src/stm32f3xx_ll_exti.o
 .ARM.attributes
                0x0000000000000000       0x34 ./Drivers/STM32F3xx_HAL_Driver/Src/stm32f3xx_ll_exti.o
 .group         0x0000000000000000        0xc ./Drivers/STM32F3xx_HAL_Driver/Src/stm32f3xx_ll_gpio.o
 .group         0x0000000000000000        0xc ./Drivers/STM32F3xx_HAL_Driver/Src/stm32f3xx_ll_gpio.o
 .group         0x0000000000000000        0xc ./Drivers/STM32F3xx_HAL_Driver/Src/stm32f3xx_ll_gpio.o
 .group         0x0000000000000000        0xc ./Drivers/STM32F3xx_HAL_Driver/Src/stm32f3xx_ll_gpio.o
 .group         0x0000000000000000        0xc ./Drivers/STM32F3xx_HAL_Driver/Src/stm32f3xx_ll_gpio.o
 .group         0x0000000000000000        0xc ./Drivers/STM32F3xx_HAL_Driver/Src/stm32f3xx_ll_gpio.o
 .group         0x0000000000000000        0xc ./Drivers/STM32F3xx_HAL_Driver/Src/stm32f3xx_ll_gpio.o
 .group         0x0000000000000000        0xc ./Drivers/STM32F3xx_HAL_Driver/Src/stm32f3xx_ll_gpio.o
 .group         0x0000000000000000        0xc ./Drivers/STM32F3xx_HAL_Driver/Src/stm32f3xx_ll_gpio.o
 .group         0x0000000000000000        0xc ./Drivers/STM32F3xx_HAL_Driver/Src/stm32f3xx_ll_gpio.o
 .group         0x0000000000000000        0xc ./Drivers/STM32F3xx_HAL_Driver/Src/stm32f3xx_ll_gpio.o
 .group         0x0000000000000000        0xc ./Drivers/STM32F3xx_HAL_Driver/Src/stm32f3xx_ll_gpio.o
 .group         0x0000000000000000        0xc ./Drivers/STM32F3xx_HAL_Driver/Src/stm32f3xx_ll_gpio.o
 .group         0x0000000000000000        0xc ./Drivers/STM32F3xx_HAL_Driver/Src/stm32f3xx_ll_gpio.o
 .group         0x0000000000000000        0xc ./Drivers/STM32F3xx_HAL_Driver/Src/stm32f3xx_ll_gpio.o
 .group         0x0000000000000000        0xc ./Drivers/STM32F3xx_HAL_Driver/Src/stm32f3xx_ll_gpio.o
 .group         0x0000000000000000        0xc ./Drivers/STM32F3xx_HAL_Driver/Src/stm32f3xx_ll_gpio.o
 .text          0x0000000000000000        0x0 ./Drivers/STM32F3xx_HAL_Driver/Src/stm32f3xx_ll_gpio.o
 .data          0x0000000000000000        0x0 ./Drivers/STM32F3xx_HAL_Driver/Src/stm32f3xx_ll_gpio.o
 .bss           0x0000000000000000        0x0 ./Drivers/STM32F3xx_HAL_Driver/Src/stm32f3xx_ll_gpio.o
 .text.LL_GPIO_SetPinMode
                0x0000000000000000       0x5e ./Drivers/STM32F3xx_HAL_Driver/Src/stm32f3xx_ll_gpio.o
 .text.LL_GPIO_SetPinOutputType
                0x0000000000000000       0x30 ./Drivers/STM32F3xx_HAL_Driver/Src/stm32f3xx_ll_gpio.o
 .text.LL_GPIO_SetPinSpeed
                0x0000000000000000       0x5e ./Drivers/STM32F3xx_HAL_Driver/Src/stm32f3xx_ll_gpio.o
 .text.LL_GPIO_SetPinPull
                0x0000000000000000       0x5e ./Drivers/STM32F3xx_HAL_Driver/Src/stm32f3xx_ll_gpio.o
 .text.LL_GPIO_SetAFPin_0_7
                0x0000000000000000       0x5e ./Drivers/STM32F3xx_HAL_Driver/Src/stm32f3xx_ll_gpio.o
 .text.LL_GPIO_SetAFPin_8_15
                0x0000000000000000       0x62 ./Drivers/STM32F3xx_HAL_Driver/Src/stm32f3xx_ll_gpio.o
 .text.LL_AHB1_GRP1_ForceReset
                0x0000000000000000       0x24 ./Drivers/STM32F3xx_HAL_Driver/Src/stm32f3xx_ll_gpio.o
 .text.LL_AHB1_GRP1_ReleaseReset
                0x0000000000000000       0x28 ./Drivers/STM32F3xx_HAL_Driver/Src/stm32f3xx_ll_gpio.o
 .text.LL_GPIO_DeInit
                0x0000000000000000       0xac ./Drivers/STM32F3xx_HAL_Driver/Src/stm32f3xx_ll_gpio.o
 .text.LL_GPIO_Init
                0x0000000000000000       0xe0 ./Drivers/STM32F3xx_HAL_Driver/Src/stm32f3xx_ll_gpio.o
 .text.LL_GPIO_StructInit
                0x0000000000000000       0x3a ./Drivers/STM32F3xx_HAL_Driver/Src/stm32f3xx_ll_gpio.o
 .debug_info    0x0000000000000000      0x7ce ./Drivers/STM32F3xx_HAL_Driver/Src/stm32f3xx_ll_gpio.o
 .debug_abbrev  0x0000000000000000      0x23b ./Drivers/STM32F3xx_HAL_Driver/Src/stm32f3xx_ll_gpio.o
 .debug_aranges
                0x0000000000000000       0x70 ./Drivers/STM32F3xx_HAL_Driver/Src/stm32f3xx_ll_gpio.o
 .debug_ranges  0x0000000000000000       0x60 ./Drivers/STM32F3xx_HAL_Driver/Src/stm32f3xx_ll_gpio.o
 .debug_macro   0x0000000000000000       0xff ./Drivers/STM32F3xx_HAL_Driver/Src/stm32f3xx_ll_gpio.o
 .debug_macro   0x0000000000000000      0xade ./Drivers/STM32F3xx_HAL_Driver/Src/stm32f3xx_ll_gpio.o
 .debug_macro   0x0000000000000000       0x2e ./Drivers/STM32F3xx_HAL_Driver/Src/stm32f3xx_ll_gpio.o
 .debug_macro   0x0000000000000000       0x28 ./Drivers/STM32F3xx_HAL_Driver/Src/stm32f3xx_ll_gpio.o
 .debug_macro   0x0000000000000000       0x22 ./Drivers/STM32F3xx_HAL_Driver/Src/stm32f3xx_ll_gpio.o
 .debug_macro   0x0000000000000000       0x8e ./Drivers/STM32F3xx_HAL_Driver/Src/stm32f3xx_ll_gpio.o
 .debug_macro   0x0000000000000000       0x51 ./Drivers/STM32F3xx_HAL_Driver/Src/stm32f3xx_ll_gpio.o
 .debug_macro   0x0000000000000000      0x103 ./Drivers/STM32F3xx_HAL_Driver/Src/stm32f3xx_ll_gpio.o
 .debug_macro   0x0000000000000000       0x6a ./Drivers/STM32F3xx_HAL_Driver/Src/stm32f3xx_ll_gpio.o
 .debug_macro   0x0000000000000000      0x1df ./Drivers/STM32F3xx_HAL_Driver/Src/stm32f3xx_ll_gpio.o
 .debug_macro   0x0000000000000000       0x1c ./Drivers/STM32F3xx_HAL_Driver/Src/stm32f3xx_ll_gpio.o
 .debug_macro   0x0000000000000000       0x22 ./Drivers/STM32F3xx_HAL_Driver/Src/stm32f3xx_ll_gpio.o
 .debug_macro   0x0000000000000000       0xdf ./Drivers/STM32F3xx_HAL_Driver/Src/stm32f3xx_ll_gpio.o
 .debug_macro   0x0000000000000000      0xf07 ./Drivers/STM32F3xx_HAL_Driver/Src/stm32f3xx_ll_gpio.o
 .debug_macro   0x0000000000000000    0x10be0 ./Drivers/STM32F3xx_HAL_Driver/Src/stm32f3xx_ll_gpio.o
 .debug_macro   0x0000000000000000       0x6d ./Drivers/STM32F3xx_HAL_Driver/Src/stm32f3xx_ll_gpio.o
 .debug_macro   0x0000000000000000      0x13c ./Drivers/STM32F3xx_HAL_Driver/Src/stm32f3xx_ll_gpio.o
 .debug_macro   0x0000000000000000       0xe1 ./Drivers/STM32F3xx_HAL_Driver/Src/stm32f3xx_ll_gpio.o
 .debug_line    0x0000000000000000      0x73a ./Drivers/STM32F3xx_HAL_Driver/Src/stm32f3xx_ll_gpio.o
 .debug_str     0x0000000000000000    0x66a9f ./Drivers/STM32F3xx_HAL_Driver/Src/stm32f3xx_ll_gpio.o
 .comment       0x0000000000000000       0x54 ./Drivers/STM32F3xx_HAL_Driver/Src/stm32f3xx_ll_gpio.o
 .debug_frame   0x0000000000000000      0x1c0 ./Drivers/STM32F3xx_HAL_Driver/Src/stm32f3xx_ll_gpio.o
 .ARM.attributes
                0x0000000000000000       0x34 ./Drivers/STM32F3xx_HAL_Driver/Src/stm32f3xx_ll_gpio.o
 .group         0x0000000000000000        0xc ./Drivers/STM32F3xx_HAL_Driver/Src/stm32f3xx_ll_rcc.o
 .group         0x0000000000000000        0xc ./Drivers/STM32F3xx_HAL_Driver/Src/stm32f3xx_ll_rcc.o
 .group         0x0000000000000000        0xc ./Drivers/STM32F3xx_HAL_Driver/Src/stm32f3xx_ll_rcc.o
 .group         0x0000000000000000        0xc ./Drivers/STM32F3xx_HAL_Driver/Src/stm32f3xx_ll_rcc.o
 .group         0x0000000000000000        0xc ./Drivers/STM32F3xx_HAL_Driver/Src/stm32f3xx_ll_rcc.o
 .group         0x0000000000000000        0xc ./Drivers/STM32F3xx_HAL_Driver/Src/stm32f3xx_ll_rcc.o
 .group         0x0000000000000000        0xc ./Drivers/STM32F3xx_HAL_Driver/Src/stm32f3xx_ll_rcc.o
 .group         0x0000000000000000        0xc ./Drivers/STM32F3xx_HAL_Driver/Src/stm32f3xx_ll_rcc.o
 .group         0x0000000000000000        0xc ./Drivers/STM32F3xx_HAL_Driver/Src/stm32f3xx_ll_rcc.o
 .group         0x0000000000000000        0xc ./Drivers/STM32F3xx_HAL_Driver/Src/stm32f3xx_ll_rcc.o
 .group         0x0000000000000000        0xc ./Drivers/STM32F3xx_HAL_Driver/Src/stm32f3xx_ll_rcc.o
 .group         0x0000000000000000        0xc ./Drivers/STM32F3xx_HAL_Driver/Src/stm32f3xx_ll_rcc.o
 .group         0x0000000000000000        0xc ./Drivers/STM32F3xx_HAL_Driver/Src/stm32f3xx_ll_rcc.o
 .group         0x0000000000000000        0xc ./Drivers/STM32F3xx_HAL_Driver/Src/stm32f3xx_ll_rcc.o
 .group         0x0000000000000000        0xc ./Drivers/STM32F3xx_HAL_Driver/Src/stm32f3xx_ll_rcc.o
 .group         0x0000000000000000        0xc ./Drivers/STM32F3xx_HAL_Driver/Src/stm32f3xx_ll_rcc.o
 .text          0x0000000000000000        0x0 ./Drivers/STM32F3xx_HAL_Driver/Src/stm32f3xx_ll_rcc.o
 .data          0x0000000000000000        0x0 ./Drivers/STM32F3xx_HAL_Driver/Src/stm32f3xx_ll_rcc.o
 .bss           0x0000000000000000        0x0 ./Drivers/STM32F3xx_HAL_Driver/Src/stm32f3xx_ll_rcc.o
 .text.LL_RCC_HSE_DisableBypass
                0x0000000000000000       0x20 ./Drivers/STM32F3xx_HAL_Driver/Src/stm32f3xx_ll_rcc.o
 .text.LL_RCC_HSI_Enable
                0x0000000000000000       0x20 ./Drivers/STM32F3xx_HAL_Driver/Src/stm32f3xx_ll_rcc.o
 .text.LL_RCC_HSI_IsReady
                0x0000000000000000       0x24 ./Drivers/STM32F3xx_HAL_Driver/Src/stm32f3xx_ll_rcc.o
 .text.LL_RCC_HSI_SetCalibTrimming
                0x0000000000000000       0x2c ./Drivers/STM32F3xx_HAL_Driver/Src/stm32f3xx_ll_rcc.o
 .text.LL_RCC_LSE_IsReady
                0x0000000000000000       0x24 ./Drivers/STM32F3xx_HAL_Driver/Src/stm32f3xx_ll_rcc.o
 .text.LL_RCC_GetSysClkSource
                0x0000000000000000       0x1c ./Drivers/STM32F3xx_HAL_Driver/Src/stm32f3xx_ll_rcc.o
 .text.LL_RCC_GetAHBPrescaler
                0x0000000000000000       0x1c ./Drivers/STM32F3xx_HAL_Driver/Src/stm32f3xx_ll_rcc.o
 .text.LL_RCC_GetAPB1Prescaler
                0x0000000000000000       0x1c ./Drivers/STM32F3xx_HAL_Driver/Src/stm32f3xx_ll_rcc.o
 .text.LL_RCC_GetAPB2Prescaler
                0x0000000000000000       0x1c ./Drivers/STM32F3xx_HAL_Driver/Src/stm32f3xx_ll_rcc.o
 .text.LL_RCC_GetUSARTClockSource
                0x0000000000000000       0x2c ./Drivers/STM32F3xx_HAL_Driver/Src/stm32f3xx_ll_rcc.o
 .text.LL_RCC_GetI2CClockSource
                0x0000000000000000       0x28 ./Drivers/STM32F3xx_HAL_Driver/Src/stm32f3xx_ll_rcc.o
 .text.LL_RCC_GetTIMClockSource
                0x0000000000000000       0x30 ./Drivers/STM32F3xx_HAL_Driver/Src/stm32f3xx_ll_rcc.o
 .text.LL_RCC_GetADCClockSource
                0x0000000000000000       0x20 ./Drivers/STM32F3xx_HAL_Driver/Src/stm32f3xx_ll_rcc.o
 .text.LL_RCC_PLL_IsReady
                0x0000000000000000       0x28 ./Drivers/STM32F3xx_HAL_Driver/Src/stm32f3xx_ll_rcc.o
 .text.LL_RCC_PLL_GetMainSource
                0x0000000000000000       0x1c ./Drivers/STM32F3xx_HAL_Driver/Src/stm32f3xx_ll_rcc.o
 .text.LL_RCC_PLL_GetMultiplicator
                0x0000000000000000       0x1c ./Drivers/STM32F3xx_HAL_Driver/Src/stm32f3xx_ll_rcc.o
 .text.LL_RCC_PLL_GetPrediv
                0x0000000000000000       0x1c ./Drivers/STM32F3xx_HAL_Driver/Src/stm32f3xx_ll_rcc.o
 .text.LL_RCC_ClearResetFlags
                0x0000000000000000       0x20 ./Drivers/STM32F3xx_HAL_Driver/Src/stm32f3xx_ll_rcc.o
 .rodata.aADCPrescTable
                0x0000000000000000       0x20 ./Drivers/STM32F3xx_HAL_Driver/Src/stm32f3xx_ll_rcc.o
 .text.LL_RCC_DeInit
                0x0000000000000000       0xa0 ./Drivers/STM32F3xx_HAL_Driver/Src/stm32f3xx_ll_rcc.o
 .text.LL_RCC_GetSystemClocksFreq
                0x0000000000000000       0x4a ./Drivers/STM32F3xx_HAL_Driver/Src/stm32f3xx_ll_rcc.o
 .text.LL_RCC_GetUSARTClockFreq
                0x0000000000000000       0x88 ./Drivers/STM32F3xx_HAL_Driver/Src/stm32f3xx_ll_rcc.o
 .text.LL_RCC_GetI2CClockFreq
                0x0000000000000000       0x50 ./Drivers/STM32F3xx_HAL_Driver/Src/stm32f3xx_ll_rcc.o
 .text.LL_RCC_GetADCClockFreq
                0x0000000000000000       0x80 ./Drivers/STM32F3xx_HAL_Driver/Src/stm32f3xx_ll_rcc.o
 .text.LL_RCC_GetTIMClockFreq
                0x0000000000000000       0x46 ./Drivers/STM32F3xx_HAL_Driver/Src/stm32f3xx_ll_rcc.o
 .text.RCC_GetSystemClockFreq
                0x0000000000000000       0x4c ./Drivers/STM32F3xx_HAL_Driver/Src/stm32f3xx_ll_rcc.o
 .text.RCC_GetHCLKClockFreq
                0x0000000000000000       0x2c ./Drivers/STM32F3xx_HAL_Driver/Src/stm32f3xx_ll_rcc.o
 .text.RCC_GetPCLK1ClockFreq
                0x0000000000000000       0x28 ./Drivers/STM32F3xx_HAL_Driver/Src/stm32f3xx_ll_rcc.o
 .text.RCC_GetPCLK2ClockFreq
                0x0000000000000000       0x28 ./Drivers/STM32F3xx_HAL_Driver/Src/stm32f3xx_ll_rcc.o
 .text.RCC_PLL_GetFreqDomain_SYS
                0x0000000000000000       0x7c ./Drivers/STM32F3xx_HAL_Driver/Src/stm32f3xx_ll_rcc.o
 .debug_info    0x0000000000000000      0x74c ./Drivers/STM32F3xx_HAL_Driver/Src/stm32f3xx_ll_rcc.o
 .debug_abbrev  0x0000000000000000      0x261 ./Drivers/STM32F3xx_HAL_Driver/Src/stm32f3xx_ll_rcc.o
 .debug_aranges
                0x0000000000000000      0x100 ./Drivers/STM32F3xx_HAL_Driver/Src/stm32f3xx_ll_rcc.o
 .debug_ranges  0x0000000000000000       0xf0 ./Drivers/STM32F3xx_HAL_Driver/Src/stm32f3xx_ll_rcc.o
 .debug_macro   0x0000000000000000       0xf1 ./Drivers/STM32F3xx_HAL_Driver/Src/stm32f3xx_ll_rcc.o
 .debug_macro   0x0000000000000000      0xade ./Drivers/STM32F3xx_HAL_Driver/Src/stm32f3xx_ll_rcc.o
 .debug_macro   0x0000000000000000       0x2e ./Drivers/STM32F3xx_HAL_Driver/Src/stm32f3xx_ll_rcc.o
 .debug_macro   0x0000000000000000       0x28 ./Drivers/STM32F3xx_HAL_Driver/Src/stm32f3xx_ll_rcc.o
 .debug_macro   0x0000000000000000       0x22 ./Drivers/STM32F3xx_HAL_Driver/Src/stm32f3xx_ll_rcc.o
 .debug_macro   0x0000000000000000       0x8e ./Drivers/STM32F3xx_HAL_Driver/Src/stm32f3xx_ll_rcc.o
 .debug_macro   0x0000000000000000       0x51 ./Drivers/STM32F3xx_HAL_Driver/Src/stm32f3xx_ll_rcc.o
 .debug_macro   0x0000000000000000      0x103 ./Drivers/STM32F3xx_HAL_Driver/Src/stm32f3xx_ll_rcc.o
 .debug_macro   0x0000000000000000       0x6a ./Drivers/STM32F3xx_HAL_Driver/Src/stm32f3xx_ll_rcc.o
 .debug_macro   0x0000000000000000      0x1df ./Drivers/STM32F3xx_HAL_Driver/Src/stm32f3xx_ll_rcc.o
 .debug_macro   0x0000000000000000       0x1c ./Drivers/STM32F3xx_HAL_Driver/Src/stm32f3xx_ll_rcc.o
 .debug_macro   0x0000000000000000       0x22 ./Drivers/STM32F3xx_HAL_Driver/Src/stm32f3xx_ll_rcc.o
 .debug_macro   0x0000000000000000       0xdf ./Drivers/STM32F3xx_HAL_Driver/Src/stm32f3xx_ll_rcc.o
 .debug_macro   0x0000000000000000      0xf07 ./Drivers/STM32F3xx_HAL_Driver/Src/stm32f3xx_ll_rcc.o
 .debug_macro   0x0000000000000000    0x10be0 ./Drivers/STM32F3xx_HAL_Driver/Src/stm32f3xx_ll_rcc.o
 .debug_macro   0x0000000000000000       0x6d ./Drivers/STM32F3xx_HAL_Driver/Src/stm32f3xx_ll_rcc.o
 .debug_macro   0x0000000000000000      0x4bc ./Drivers/STM32F3xx_HAL_Driver/Src/stm32f3xx_ll_rcc.o
 .debug_line    0x0000000000000000      0x8fa ./Drivers/STM32F3xx_HAL_Driver/Src/stm32f3xx_ll_rcc.o
 .debug_str     0x0000000000000000    0x67ef1 ./Drivers/STM32F3xx_HAL_Driver/Src/stm32f3xx_ll_rcc.o
 .comment       0x0000000000000000       0x54 ./Drivers/STM32F3xx_HAL_Driver/Src/stm32f3xx_ll_rcc.o
 .debug_frame   0x0000000000000000      0x408 ./Drivers/STM32F3xx_HAL_Driver/Src/stm32f3xx_ll_rcc.o
 .ARM.attributes
                0x0000000000000000       0x34 ./Drivers/STM32F3xx_HAL_Driver/Src/stm32f3xx_ll_rcc.o
 .group         0x0000000000000000        0xc ./Drivers/STM32F3xx_HAL_Driver/Src/stm32f3xx_ll_utils.o
 .group         0x0000000000000000        0xc ./Drivers/STM32F3xx_HAL_Driver/Src/stm32f3xx_ll_utils.o
 .group         0x0000000000000000        0xc ./Drivers/STM32F3xx_HAL_Driver/Src/stm32f3xx_ll_utils.o
 .group         0x0000000000000000        0xc ./Drivers/STM32F3xx_HAL_Driver/Src/stm32f3xx_ll_utils.o
 .group         0x0000000000000000        0xc ./Drivers/STM32F3xx_HAL_Driver/Src/stm32f3xx_ll_utils.o
 .group         0x0000000000000000        0xc ./Drivers/STM32F3xx_HAL_Driver/Src/stm32f3xx_ll_utils.o
 .group         0x0000000000000000        0xc ./Drivers/STM32F3xx_HAL_Driver/Src/stm32f3xx_ll_utils.o
 .group         0x0000000000000000        0xc ./Drivers/STM32F3xx_HAL_Driver/Src/stm32f3xx_ll_utils.o
 .group         0x0000000000000000        0xc ./Drivers/STM32F3xx_HAL_Driver/Src/stm32f3xx_ll_utils.o
 .group         0x0000000000000000        0xc ./Drivers/STM32F3xx_HAL_Driver/Src/stm32f3xx_ll_utils.o
 .group         0x0000000000000000        0xc ./Drivers/STM32F3xx_HAL_Driver/Src/stm32f3xx_ll_utils.o
 .group         0x0000000000000000        0xc ./Drivers/STM32F3xx_HAL_Driver/Src/stm32f3xx_ll_utils.o
 .group         0x0000000000000000        0xc ./Drivers/STM32F3xx_HAL_Driver/Src/stm32f3xx_ll_utils.o
 .group         0x0000000000000000        0xc ./Drivers/STM32F3xx_HAL_Driver/Src/stm32f3xx_ll_utils.o
 .group         0x0000000000000000        0xc ./Drivers/STM32F3xx_HAL_Driver/Src/stm32f3xx_ll_utils.o
 .group         0x0000000000000000        0xc ./Drivers/STM32F3xx_HAL_Driver/Src/stm32f3xx_ll_utils.o
 .group         0x0000000000000000        0xc ./Drivers/STM32F3xx_HAL_Driver/Src/stm32f3xx_ll_utils.o
 .group         0x0000000000000000        0xc ./Drivers/STM32F3xx_HAL_Driver/Src/stm32f3xx_ll_utils.o
 .group         0x0000000000000000        0xc ./Drivers/STM32F3xx_HAL_Driver/Src/stm32f3xx_ll_utils.o
 .text          0x0000000000000000        0x0 ./Drivers/STM32F3xx_HAL_Driver/Src/stm32f3xx_ll_utils.o
 .data          0x0000000000000000        0x0 ./Drivers/STM32F3xx_HAL_Driver/Src/stm32f3xx_ll_utils.o
 .bss           0x0000000000000000        0x0 ./Drivers/STM32F3xx_HAL_Driver/Src/stm32f3xx_ll_utils.o
 .text.LL_RCC_HSE_EnableBypass
                0x0000000000000000       0x20 ./Drivers/STM32F3xx_HAL_Driver/Src/stm32f3xx_ll_utils.o
 .text.LL_RCC_HSE_DisableBypass
                0x0000000000000000       0x20 ./Drivers/STM32F3xx_HAL_Driver/Src/stm32f3xx_ll_utils.o
 .text.LL_RCC_HSE_Enable
                0x0000000000000000       0x20 ./Drivers/STM32F3xx_HAL_Driver/Src/stm32f3xx_ll_utils.o
 .text.LL_RCC_HSE_IsReady
                0x0000000000000000       0x28 ./Drivers/STM32F3xx_HAL_Driver/Src/stm32f3xx_ll_utils.o
 .text.LL_RCC_HSI_Enable
                0x0000000000000000       0x20 ./Drivers/STM32F3xx_HAL_Driver/Src/stm32f3xx_ll_utils.o
 .text.LL_RCC_HSI_IsReady
                0x0000000000000000       0x24 ./Drivers/STM32F3xx_HAL_Driver/Src/stm32f3xx_ll_utils.o
 .text.LL_RCC_SetSysClkSource
                0x0000000000000000       0x28 ./Drivers/STM32F3xx_HAL_Driver/Src/stm32f3xx_ll_utils.o
 .text.LL_RCC_GetSysClkSource
                0x0000000000000000       0x1c ./Drivers/STM32F3xx_HAL_Driver/Src/stm32f3xx_ll_utils.o
 .text.LL_RCC_SetAHBPrescaler
                0x0000000000000000       0x28 ./Drivers/STM32F3xx_HAL_Driver/Src/stm32f3xx_ll_utils.o
 .text.LL_RCC_SetAPB1Prescaler
                0x0000000000000000       0x28 ./Drivers/STM32F3xx_HAL_Driver/Src/stm32f3xx_ll_utils.o
 .text.LL_RCC_SetAPB2Prescaler
                0x0000000000000000       0x28 ./Drivers/STM32F3xx_HAL_Driver/Src/stm32f3xx_ll_utils.o
 .text.LL_RCC_GetAHBPrescaler
                0x0000000000000000       0x1c ./Drivers/STM32F3xx_HAL_Driver/Src/stm32f3xx_ll_utils.o
 .text.LL_RCC_PLL_Enable
                0x0000000000000000       0x20 ./Drivers/STM32F3xx_HAL_Driver/Src/stm32f3xx_ll_utils.o
 .text.LL_RCC_PLL_IsReady
                0x0000000000000000       0x28 ./Drivers/STM32F3xx_HAL_Driver/Src/stm32f3xx_ll_utils.o
 .text.LL_RCC_PLL_ConfigDomain_SYS
                0x0000000000000000       0x48 ./Drivers/STM32F3xx_HAL_Driver/Src/stm32f3xx_ll_utils.o
 .text.LL_InitTick
                0x0000000000000000       0x34 ./Drivers/STM32F3xx_HAL_Driver/Src/stm32f3xx_ll_utils.o
 .text.LL_FLASH_SetLatency
                0x0000000000000000       0x28 ./Drivers/STM32F3xx_HAL_Driver/Src/stm32f3xx_ll_utils.o
 .text.LL_FLASH_GetLatency
                0x0000000000000000       0x1c ./Drivers/STM32F3xx_HAL_Driver/Src/stm32f3xx_ll_utils.o
 .text.LL_Init1msTick
                0x0000000000000000       0x1a ./Drivers/STM32F3xx_HAL_Driver/Src/stm32f3xx_ll_utils.o
 .text.LL_mDelay
                0x0000000000000000       0x4c ./Drivers/STM32F3xx_HAL_Driver/Src/stm32f3xx_ll_utils.o
 .text.LL_SetSystemCoreClock
                0x0000000000000000       0x20 ./Drivers/STM32F3xx_HAL_Driver/Src/stm32f3xx_ll_utils.o
 .text.LL_SetFlashLatency
                0x0000000000000000       0x88 ./Drivers/STM32F3xx_HAL_Driver/Src/stm32f3xx_ll_utils.o
 .text.LL_PLL_ConfigSystemClock_HSI
                0x0000000000000000       0x74 ./Drivers/STM32F3xx_HAL_Driver/Src/stm32f3xx_ll_utils.o
 .text.LL_PLL_ConfigSystemClock_HSE
                0x0000000000000000       0x84 ./Drivers/STM32F3xx_HAL_Driver/Src/stm32f3xx_ll_utils.o
 .text.UTILS_GetPLLOutputFrequency
                0x0000000000000000       0x50 ./Drivers/STM32F3xx_HAL_Driver/Src/stm32f3xx_ll_utils.o
 .text.UTILS_PLL_IsBusy
                0x0000000000000000       0x22 ./Drivers/STM32F3xx_HAL_Driver/Src/stm32f3xx_ll_utils.o
 .text.UTILS_EnablePLLAndSwitchSystem
                0x0000000000000000       0xdc ./Drivers/STM32F3xx_HAL_Driver/Src/stm32f3xx_ll_utils.o
 .debug_info    0x0000000000000000      0x895 ./Drivers/STM32F3xx_HAL_Driver/Src/stm32f3xx_ll_utils.o
 .debug_abbrev  0x0000000000000000      0x2c2 ./Drivers/STM32F3xx_HAL_Driver/Src/stm32f3xx_ll_utils.o
 .debug_aranges
                0x0000000000000000       0xf0 ./Drivers/STM32F3xx_HAL_Driver/Src/stm32f3xx_ll_utils.o
 .debug_ranges  0x0000000000000000       0xe0 ./Drivers/STM32F3xx_HAL_Driver/Src/stm32f3xx_ll_utils.o
 .debug_macro   0x0000000000000000      0x13b ./Drivers/STM32F3xx_HAL_Driver/Src/stm32f3xx_ll_utils.o
 .debug_macro   0x0000000000000000      0xade ./Drivers/STM32F3xx_HAL_Driver/Src/stm32f3xx_ll_utils.o
 .debug_macro   0x0000000000000000       0x2e ./Drivers/STM32F3xx_HAL_Driver/Src/stm32f3xx_ll_utils.o
 .debug_macro   0x0000000000000000       0x28 ./Drivers/STM32F3xx_HAL_Driver/Src/stm32f3xx_ll_utils.o
 .debug_macro   0x0000000000000000       0x22 ./Drivers/STM32F3xx_HAL_Driver/Src/stm32f3xx_ll_utils.o
 .debug_macro   0x0000000000000000       0x8e ./Drivers/STM32F3xx_HAL_Driver/Src/stm32f3xx_ll_utils.o
 .debug_macro   0x0000000000000000       0x51 ./Drivers/STM32F3xx_HAL_Driver/Src/stm32f3xx_ll_utils.o
 .debug_macro   0x0000000000000000      0x103 ./Drivers/STM32F3xx_HAL_Driver/Src/stm32f3xx_ll_utils.o
 .debug_macro   0x0000000000000000       0x6a ./Drivers/STM32F3xx_HAL_Driver/Src/stm32f3xx_ll_utils.o
 .debug_macro   0x0000000000000000      0x1df ./Drivers/STM32F3xx_HAL_Driver/Src/stm32f3xx_ll_utils.o
 .debug_macro   0x0000000000000000       0x1c ./Drivers/STM32F3xx_HAL_Driver/Src/stm32f3xx_ll_utils.o
 .debug_macro   0x0000000000000000       0x22 ./Drivers/STM32F3xx_HAL_Driver/Src/stm32f3xx_ll_utils.o
 .debug_macro   0x0000000000000000       0xdf ./Drivers/STM32F3xx_HAL_Driver/Src/stm32f3xx_ll_utils.o
 .debug_macro   0x0000000000000000      0xf07 ./Drivers/STM32F3xx_HAL_Driver/Src/stm32f3xx_ll_utils.o
 .debug_macro   0x0000000000000000    0x10be0 ./Drivers/STM32F3xx_HAL_Driver/Src/stm32f3xx_ll_utils.o
 .debug_macro   0x0000000000000000       0x6d ./Drivers/STM32F3xx_HAL_Driver/Src/stm32f3xx_ll_utils.o
 .debug_macro   0x0000000000000000      0x4bc ./Drivers/STM32F3xx_HAL_Driver/Src/stm32f3xx_ll_utils.o
 .debug_macro   0x0000000000000000       0x30 ./Drivers/STM32F3xx_HAL_Driver/Src/stm32f3xx_ll_utils.o
 .debug_macro   0x0000000000000000      0x29f ./Drivers/STM32F3xx_HAL_Driver/Src/stm32f3xx_ll_utils.o
 .debug_macro   0x0000000000000000       0xa8 ./Drivers/STM32F3xx_HAL_Driver/Src/stm32f3xx_ll_utils.o
 .debug_line    0x0000000000000000      0x913 ./Drivers/STM32F3xx_HAL_Driver/Src/stm32f3xx_ll_utils.o
 .debug_str     0x0000000000000000    0x6a771 ./Drivers/STM32F3xx_HAL_Driver/Src/stm32f3xx_ll_utils.o
 .comment       0x0000000000000000       0x54 ./Drivers/STM32F3xx_HAL_Driver/Src/stm32f3xx_ll_utils.o
 .debug_frame   0x0000000000000000      0x3dc ./Drivers/STM32F3xx_HAL_Driver/Src/stm32f3xx_ll_utils.o
 .ARM.attributes
                0x0000000000000000       0x34 ./Drivers/STM32F3xx_HAL_Driver/Src/stm32f3xx_ll_utils.o
 .text          0x0000000000000000        0x0 d:/st/stm32cubeide_1.7.0/stm32cubeide/plugins/com.st.stm32cube.ide.mcu.externaltools.gnu-tools-for-stm32.9-2020-q2-update.win32_2.0.0.202105311346/tools/bin/../lib/gcc/arm-none-eabi/9.3.1/../../../../arm-none-eabi/lib/thumb/v7e-m+fp/hard\libc_nano.a(lib_a-errno.o)
 .data          0x0000000000000000        0x0 d:/st/stm32cubeide_1.7.0/stm32cubeide/plugins/com.st.stm32cube.ide.mcu.externaltools.gnu-tools-for-stm32.9-2020-q2-update.win32_2.0.0.202105311346/tools/bin/../lib/gcc/arm-none-eabi/9.3.1/../../../../arm-none-eabi/lib/thumb/v7e-m+fp/hard\libc_nano.a(lib_a-errno.o)
 .bss           0x0000000000000000        0x0 d:/st/stm32cubeide_1.7.0/stm32cubeide/plugins/com.st.stm32cube.ide.mcu.externaltools.gnu-tools-for-stm32.9-2020-q2-update.win32_2.0.0.202105311346/tools/bin/../lib/gcc/arm-none-eabi/9.3.1/../../../../arm-none-eabi/lib/thumb/v7e-m+fp/hard\libc_nano.a(lib_a-errno.o)
 .text.__errno  0x0000000000000000        0xc d:/st/stm32cubeide_1.7.0/stm32cubeide/plugins/com.st.stm32cube.ide.mcu.externaltools.gnu-tools-for-stm32.9-2020-q2-update.win32_2.0.0.202105311346/tools/bin/../lib/gcc/arm-none-eabi/9.3.1/../../../../arm-none-eabi/lib/thumb/v7e-m+fp/hard\libc_nano.a(lib_a-errno.o)
 .debug_frame   0x0000000000000000       0x20 d:/st/stm32cubeide_1.7.0/stm32cubeide/plugins/com.st.stm32cube.ide.mcu.externaltools.gnu-tools-for-stm32.9-2020-q2-update.win32_2.0.0.202105311346/tools/bin/../lib/gcc/arm-none-eabi/9.3.1/../../../../arm-none-eabi/lib/thumb/v7e-m+fp/hard\libc_nano.a(lib_a-errno.o)
 .ARM.attributes
                0x0000000000000000       0x34 d:/st/stm32cubeide_1.7.0/stm32cubeide/plugins/com.st.stm32cube.ide.mcu.externaltools.gnu-tools-for-stm32.9-2020-q2-update.win32_2.0.0.202105311346/tools/bin/../lib/gcc/arm-none-eabi/9.3.1/../../../../arm-none-eabi/lib/thumb/v7e-m+fp/hard\libc_nano.a(lib_a-errno.o)
 .text          0x0000000000000000        0x0 d:/st/stm32cubeide_1.7.0/stm32cubeide/plugins/com.st.stm32cube.ide.mcu.externaltools.gnu-tools-for-stm32.9-2020-q2-update.win32_2.0.0.202105311346/tools/bin/../lib/gcc/arm-none-eabi/9.3.1/../../../../arm-none-eabi/lib/thumb/v7e-m+fp/hard\libc_nano.a(lib_a-exit.o)
 .data          0x0000000000000000        0x0 d:/st/stm32cubeide_1.7.0/stm32cubeide/plugins/com.st.stm32cube.ide.mcu.externaltools.gnu-tools-for-stm32.9-2020-q2-update.win32_2.0.0.202105311346/tools/bin/../lib/gcc/arm-none-eabi/9.3.1/../../../../arm-none-eabi/lib/thumb/v7e-m+fp/hard\libc_nano.a(lib_a-exit.o)
 .bss           0x0000000000000000        0x0 d:/st/stm32cubeide_1.7.0/stm32cubeide/plugins/com.st.stm32cube.ide.mcu.externaltools.gnu-tools-for-stm32.9-2020-q2-update.win32_2.0.0.202105311346/tools/bin/../lib/gcc/arm-none-eabi/9.3.1/../../../../arm-none-eabi/lib/thumb/v7e-m+fp/hard\libc_nano.a(lib_a-exit.o)
 .text.exit     0x0000000000000000       0x28 d:/st/stm32cubeide_1.7.0/stm32cubeide/plugins/com.st.stm32cube.ide.mcu.externaltools.gnu-tools-for-stm32.9-2020-q2-update.win32_2.0.0.202105311346/tools/bin/../lib/gcc/arm-none-eabi/9.3.1/../../../../arm-none-eabi/lib/thumb/v7e-m+fp/hard\libc_nano.a(lib_a-exit.o)
 .debug_frame   0x0000000000000000       0x28 d:/st/stm32cubeide_1.7.0/stm32cubeide/plugins/com.st.stm32cube.ide.mcu.externaltools.gnu-tools-for-stm32.9-2020-q2-update.win32_2.0.0.202105311346/tools/bin/../lib/gcc/arm-none-eabi/9.3.1/../../../../arm-none-eabi/lib/thumb/v7e-m+fp/hard\libc_nano.a(lib_a-exit.o)
 .ARM.attributes
                0x0000000000000000       0x34 d:/st/stm32cubeide_1.7.0/stm32cubeide/plugins/com.st.stm32cube.ide.mcu.externaltools.gnu-tools-for-stm32.9-2020-q2-update.win32_2.0.0.202105311346/tools/bin/../lib/gcc/arm-none-eabi/9.3.1/../../../../arm-none-eabi/lib/thumb/v7e-m+fp/hard\libc_nano.a(lib_a-exit.o)
 .text          0x0000000000000000        0x0 d:/st/stm32cubeide_1.7.0/stm32cubeide/plugins/com.st.stm32cube.ide.mcu.externaltools.gnu-tools-for-stm32.9-2020-q2-update.win32_2.0.0.202105311346/tools/bin/../lib/gcc/arm-none-eabi/9.3.1/../../../../arm-none-eabi/lib/thumb/v7e-m+fp/hard\libc_nano.a(lib_a-impure.o)
 .data          0x0000000000000000        0x0 d:/st/stm32cubeide_1.7.0/stm32cubeide/plugins/com.st.stm32cube.ide.mcu.externaltools.gnu-tools-for-stm32.9-2020-q2-update.win32_2.0.0.202105311346/tools/bin/../lib/gcc/arm-none-eabi/9.3.1/../../../../arm-none-eabi/lib/thumb/v7e-m+fp/hard\libc_nano.a(lib_a-impure.o)
 .bss           0x0000000000000000        0x0 d:/st/stm32cubeide_1.7.0/stm32cubeide/plugins/com.st.stm32cube.ide.mcu.externaltools.gnu-tools-for-stm32.9-2020-q2-update.win32_2.0.0.202105311346/tools/bin/../lib/gcc/arm-none-eabi/9.3.1/../../../../arm-none-eabi/lib/thumb/v7e-m+fp/hard\libc_nano.a(lib_a-impure.o)
 .data._impure_ptr
                0x0000000000000000        0x4 d:/st/stm32cubeide_1.7.0/stm32cubeide/plugins/com.st.stm32cube.ide.mcu.externaltools.gnu-tools-for-stm32.9-2020-q2-update.win32_2.0.0.202105311346/tools/bin/../lib/gcc/arm-none-eabi/9.3.1/../../../../arm-none-eabi/lib/thumb/v7e-m+fp/hard\libc_nano.a(lib_a-impure.o)
 .data.impure_data
                0x0000000000000000       0x60 d:/st/stm32cubeide_1.7.0/stm32cubeide/plugins/com.st.stm32cube.ide.mcu.externaltools.gnu-tools-for-stm32.9-2020-q2-update.win32_2.0.0.202105311346/tools/bin/../lib/gcc/arm-none-eabi/9.3.1/../../../../arm-none-eabi/lib/thumb/v7e-m+fp/hard\libc_nano.a(lib_a-impure.o)
 .rodata._global_impure_ptr
                0x0000000000000000        0x4 d:/st/stm32cubeide_1.7.0/stm32cubeide/plugins/com.st.stm32cube.ide.mcu.externaltools.gnu-tools-for-stm32.9-2020-q2-update.win32_2.0.0.202105311346/tools/bin/../lib/gcc/arm-none-eabi/9.3.1/../../../../arm-none-eabi/lib/thumb/v7e-m+fp/hard\libc_nano.a(lib_a-impure.o)
 .ARM.attributes
                0x0000000000000000       0x32 d:/st/stm32cubeide_1.7.0/stm32cubeide/plugins/com.st.stm32cube.ide.mcu.externaltools.gnu-tools-for-stm32.9-2020-q2-update.win32_2.0.0.202105311346/tools/bin/../lib/gcc/arm-none-eabi/9.3.1/../../../../arm-none-eabi/lib/thumb/v7e-m+fp/hard\libc_nano.a(lib_a-impure.o)
 .text          0x0000000000000000        0x0 d:/st/stm32cubeide_1.7.0/stm32cubeide/plugins/com.st.stm32cube.ide.mcu.externaltools.gnu-tools-for-stm32.9-2020-q2-update.win32_2.0.0.202105311346/tools/bin/../lib/gcc/arm-none-eabi/9.3.1/../../../../arm-none-eabi/lib/thumb/v7e-m+fp/hard\libc_nano.a(lib_a-init.o)
 .data          0x0000000000000000        0x0 d:/st/stm32cubeide_1.7.0/stm32cubeide/plugins/com.st.stm32cube.ide.mcu.externaltools.gnu-tools-for-stm32.9-2020-q2-update.win32_2.0.0.202105311346/tools/bin/../lib/gcc/arm-none-eabi/9.3.1/../../../../arm-none-eabi/lib/thumb/v7e-m+fp/hard\libc_nano.a(lib_a-init.o)
 .bss           0x0000000000000000        0x0 d:/st/stm32cubeide_1.7.0/stm32cubeide/plugins/com.st.stm32cube.ide.mcu.externaltools.gnu-tools-for-stm32.9-2020-q2-update.win32_2.0.0.202105311346/tools/bin/../lib/gcc/arm-none-eabi/9.3.1/../../../../arm-none-eabi/lib/thumb/v7e-m+fp/hard\libc_nano.a(lib_a-init.o)
 .text          0x0000000000000000        0x0 d:/st/stm32cubeide_1.7.0/stm32cubeide/plugins/com.st.stm32cube.ide.mcu.externaltools.gnu-tools-for-stm32.9-2020-q2-update.win32_2.0.0.202105311346/tools/bin/../lib/gcc/arm-none-eabi/9.3.1/../../../../arm-none-eabi/lib/thumb/v7e-m+fp/hard\libc_nano.a(lib_a-memset.o)
 .data          0x0000000000000000        0x0 d:/st/stm32cubeide_1.7.0/stm32cubeide/plugins/com.st.stm32cube.ide.mcu.externaltools.gnu-tools-for-stm32.9-2020-q2-update.win32_2.0.0.202105311346/tools/bin/../lib/gcc/arm-none-eabi/9.3.1/../../../../arm-none-eabi/lib/thumb/v7e-m+fp/hard\libc_nano.a(lib_a-memset.o)
 .bss           0x0000000000000000        0x0 d:/st/stm32cubeide_1.7.0/stm32cubeide/plugins/com.st.stm32cube.ide.mcu.externaltools.gnu-tools-for-stm32.9-2020-q2-update.win32_2.0.0.202105311346/tools/bin/../lib/gcc/arm-none-eabi/9.3.1/../../../../arm-none-eabi/lib/thumb/v7e-m+fp/hard\libc_nano.a(lib_a-memset.o)
 .text.memset   0x0000000000000000       0x10 d:/st/stm32cubeide_1.7.0/stm32cubeide/plugins/com.st.stm32cube.ide.mcu.externaltools.gnu-tools-for-stm32.9-2020-q2-update.win32_2.0.0.202105311346/tools/bin/../lib/gcc/arm-none-eabi/9.3.1/../../../../arm-none-eabi/lib/thumb/v7e-m+fp/hard\libc_nano.a(lib_a-memset.o)
 .debug_frame   0x0000000000000000       0x20 d:/st/stm32cubeide_1.7.0/stm32cubeide/plugins/com.st.stm32cube.ide.mcu.externaltools.gnu-tools-for-stm32.9-2020-q2-update.win32_2.0.0.202105311346/tools/bin/../lib/gcc/arm-none-eabi/9.3.1/../../../../arm-none-eabi/lib/thumb/v7e-m+fp/hard\libc_nano.a(lib_a-memset.o)
 .ARM.attributes
                0x0000000000000000       0x34 d:/st/stm32cubeide_1.7.0/stm32cubeide/plugins/com.st.stm32cube.ide.mcu.externaltools.gnu-tools-for-stm32.9-2020-q2-update.win32_2.0.0.202105311346/tools/bin/../lib/gcc/arm-none-eabi/9.3.1/../../../../arm-none-eabi/lib/thumb/v7e-m+fp/hard\libc_nano.a(lib_a-memset.o)
 .text          0x0000000000000000        0x0 d:/st/stm32cubeide_1.7.0/stm32cubeide/plugins/com.st.stm32cube.ide.mcu.externaltools.gnu-tools-for-stm32.9-2020-q2-update.win32_2.0.0.202105311346/tools/bin/../lib/gcc/arm-none-eabi/9.3.1/thumb/v7e-m+fp/hard/crtend.o
 .data          0x0000000000000000        0x0 d:/st/stm32cubeide_1.7.0/stm32cubeide/plugins/com.st.stm32cube.ide.mcu.externaltools.gnu-tools-for-stm32.9-2020-q2-update.win32_2.0.0.202105311346/tools/bin/../lib/gcc/arm-none-eabi/9.3.1/thumb/v7e-m+fp/hard/crtend.o
 .bss           0x0000000000000000        0x0 d:/st/stm32cubeide_1.7.0/stm32cubeide/plugins/com.st.stm32cube.ide.mcu.externaltools.gnu-tools-for-stm32.9-2020-q2-update.win32_2.0.0.202105311346/tools/bin/../lib/gcc/arm-none-eabi/9.3.1/thumb/v7e-m+fp/hard/crtend.o
 .eh_frame      0x0000000000000000        0x4 d:/st/stm32cubeide_1.7.0/stm32cubeide/plugins/com.st.stm32cube.ide.mcu.externaltools.gnu-tools-for-stm32.9-2020-q2-update.win32_2.0.0.202105311346/tools/bin/../lib/gcc/arm-none-eabi/9.3.1/thumb/v7e-m+fp/hard/crtend.o
 .ARM.attributes
                0x0000000000000000       0x32 d:/st/stm32cubeide_1.7.0/stm32cubeide/plugins/com.st.stm32cube.ide.mcu.externaltools.gnu-tools-for-stm32.9-2020-q2-update.win32_2.0.0.202105311346/tools/bin/../lib/gcc/arm-none-eabi/9.3.1/thumb/v7e-m+fp/hard/crtend.o
 .text          0x0000000000000000        0x0 d:/st/stm32cubeide_1.7.0/stm32cubeide/plugins/com.st.stm32cube.ide.mcu.externaltools.gnu-tools-for-stm32.9-2020-q2-update.win32_2.0.0.202105311346/tools/bin/../lib/gcc/arm-none-eabi/9.3.1/thumb/v7e-m+fp/hard/crtn.o
 .data          0x0000000000000000        0x0 d:/st/stm32cubeide_1.7.0/stm32cubeide/plugins/com.st.stm32cube.ide.mcu.externaltools.gnu-tools-for-stm32.9-2020-q2-update.win32_2.0.0.202105311346/tools/bin/../lib/gcc/arm-none-eabi/9.3.1/thumb/v7e-m+fp/hard/crtn.o
 .bss           0x0000000000000000        0x0 d:/st/stm32cubeide_1.7.0/stm32cubeide/plugins/com.st.stm32cube.ide.mcu.externaltools.gnu-tools-for-stm32.9-2020-q2-update.win32_2.0.0.202105311346/tools/bin/../lib/gcc/arm-none-eabi/9.3.1/thumb/v7e-m+fp/hard/crtn.o

Memory Configuration

Name             Origin             Length             Attributes
CCMRAM           0x0000000010000000 0x0000000000001000 xrw
RAM              0x0000000020000000 0x0000000000003000 xrw
FLASH            0x0000000008000000 0x0000000000010000 xr
*default*        0x0000000000000000 0xffffffffffffffff

Linker script and memory map

LOAD d:/st/stm32cubeide_1.7.0/stm32cubeide/plugins/com.st.stm32cube.ide.mcu.externaltools.gnu-tools-for-stm32.9-2020-q2-update.win32_2.0.0.202105311346/tools/bin/../lib/gcc/arm-none-eabi/9.3.1/thumb/v7e-m+fp/hard/crti.o
LOAD d:/st/stm32cubeide_1.7.0/stm32cubeide/plugins/com.st.stm32cube.ide.mcu.externaltools.gnu-tools-for-stm32.9-2020-q2-update.win32_2.0.0.202105311346/tools/bin/../lib/gcc/arm-none-eabi/9.3.1/thumb/v7e-m+fp/hard/crtbegin.o
LOAD d:/st/stm32cubeide_1.7.0/stm32cubeide/plugins/com.st.stm32cube.ide.mcu.externaltools.gnu-tools-for-stm32.9-2020-q2-update.win32_2.0.0.202105311346/tools/bin/../lib/gcc/arm-none-eabi/9.3.1/../../../../arm-none-eabi/lib/thumb/v7e-m+fp/hard/crt0.o
LOAD ./Core/Src/main.o
LOAD ./Core/Src/stm32f3xx_it.o
LOAD ./Core/Src/syscalls.o
LOAD ./Core/Src/sysmem.o
LOAD ./Core/Src/system_stm32f3xx.o
LOAD ./Core/Startup/startup_stm32f303k8tx.o
LOAD ./Drivers/STM32F3xx_HAL_Driver/Src/stm32f3xx_ll_exti.o
LOAD ./Drivers/STM32F3xx_HAL_Driver/Src/stm32f3xx_ll_gpio.o
LOAD ./Drivers/STM32F3xx_HAL_Driver/Src/stm32f3xx_ll_rcc.o
LOAD ./Drivers/STM32F3xx_HAL_Driver/Src/stm32f3xx_ll_utils.o
START GROUP
LOAD d:/st/stm32cubeide_1.7.0/stm32cubeide/plugins/com.st.stm32cube.ide.mcu.externaltools.gnu-tools-for-stm32.9-2020-q2-update.win32_2.0.0.202105311346/tools/bin/../lib/gcc/arm-none-eabi/9.3.1/../../../../arm-none-eabi/lib/thumb/v7e-m+fp/hard\libc_nano.a
LOAD d:/st/stm32cubeide_1.7.0/stm32cubeide/plugins/com.st.stm32cube.ide.mcu.externaltools.gnu-tools-for-stm32.9-2020-q2-update.win32_2.0.0.202105311346/tools/bin/../lib/gcc/arm-none-eabi/9.3.1/../../../../arm-none-eabi/lib/thumb/v7e-m+fp/hard\libm.a
END GROUP
START GROUP
LOAD d:/st/stm32cubeide_1.7.0/stm32cubeide/plugins/com.st.stm32cube.ide.mcu.externaltools.gnu-tools-for-stm32.9-2020-q2-update.win32_2.0.0.202105311346/tools/bin/../lib/gcc/arm-none-eabi/9.3.1/thumb/v7e-m+fp/hard\libgcc.a
LOAD d:/st/stm32cubeide_1.7.0/stm32cubeide/plugins/com.st.stm32cube.ide.mcu.externaltools.gnu-tools-for-stm32.9-2020-q2-update.win32_2.0.0.202105311346/tools/bin/../lib/gcc/arm-none-eabi/9.3.1/../../../../arm-none-eabi/lib/thumb/v7e-m+fp/hard\libc_nano.a
END GROUP
START GROUP
LOAD d:/st/stm32cubeide_1.7.0/stm32cubeide/plugins/com.st.stm32cube.ide.mcu.externaltools.gnu-tools-for-stm32.9-2020-q2-update.win32_2.0.0.202105311346/tools/bin/../lib/gcc/arm-none-eabi/9.3.1/thumb/v7e-m+fp/hard\libgcc.a
LOAD d:/st/stm32cubeide_1.7.0/stm32cubeide/plugins/com.st.stm32cube.ide.mcu.externaltools.gnu-tools-for-stm32.9-2020-q2-update.win32_2.0.0.202105311346/tools/bin/../lib/gcc/arm-none-eabi/9.3.1/../../../../arm-none-eabi/lib/thumb/v7e-m+fp/hard\libc_nano.a
LOAD d:/st/stm32cubeide_1.7.0/stm32cubeide/plugins/com.st.stm32cube.ide.mcu.externaltools.gnu-tools-for-stm32.9-2020-q2-update.win32_2.0.0.202105311346/tools/bin/../lib/gcc/arm-none-eabi/9.3.1/../../../../arm-none-eabi/lib/thumb/v7e-m+fp/hard\libnosys.a
END GROUP
START GROUP
LOAD d:/st/stm32cubeide_1.7.0/stm32cubeide/plugins/com.st.stm32cube.ide.mcu.externaltools.gnu-tools-for-stm32.9-2020-q2-update.win32_2.0.0.202105311346/tools/bin/../lib/gcc/arm-none-eabi/9.3.1/thumb/v7e-m+fp/hard\libgcc.a
LOAD d:/st/stm32cubeide_1.7.0/stm32cubeide/plugins/com.st.stm32cube.ide.mcu.externaltools.gnu-tools-for-stm32.9-2020-q2-update.win32_2.0.0.202105311346/tools/bin/../lib/gcc/arm-none-eabi/9.3.1/../../../../arm-none-eabi/lib/thumb/v7e-m+fp/hard\libc_nano.a
LOAD d:/st/stm32cubeide_1.7.0/stm32cubeide/plugins/com.st.stm32cube.ide.mcu.externaltools.gnu-tools-for-stm32.9-2020-q2-update.win32_2.0.0.202105311346/tools/bin/../lib/gcc/arm-none-eabi/9.3.1/../../../../arm-none-eabi/lib/thumb/v7e-m+fp/hard\libnosys.a
END GROUP
LOAD d:/st/stm32cubeide_1.7.0/stm32cubeide/plugins/com.st.stm32cube.ide.mcu.externaltools.gnu-tools-for-stm32.9-2020-q2-update.win32_2.0.0.202105311346/tools/bin/../lib/gcc/arm-none-eabi/9.3.1/thumb/v7e-m+fp/hard/crtend.o
LOAD d:/st/stm32cubeide_1.7.0/stm32cubeide/plugins/com.st.stm32cube.ide.mcu.externaltools.gnu-tools-for-stm32.9-2020-q2-update.win32_2.0.0.202105311346/tools/bin/../lib/gcc/arm-none-eabi/9.3.1/thumb/v7e-m+fp/hard/crtn.o
                0x0000000020003000                _estack = (ORIGIN (RAM) + LENGTH (RAM))
                0x0000000000000200                _Min_Heap_Size = 0x200
                0x0000000000000400                _Min_Stack_Size = 0x400

.isr_vector     0x0000000008000000      0x188
                0x0000000008000000                . = ALIGN (0x4)
 *(.isr_vector)
 .isr_vector    0x0000000008000000      0x188 ./Core/Startup/startup_stm32f303k8tx.o
                0x0000000008000000                g_pfnVectors
                0x0000000008000188                . = ALIGN (0x4)

.text           0x0000000008000188      0x290
                0x0000000008000188                . = ALIGN (0x4)
 *(.text)
 .text          0x0000000008000188       0x40 d:/st/stm32cubeide_1.7.0/stm32cubeide/plugins/com.st.stm32cube.ide.mcu.externaltools.gnu-tools-for-stm32.9-2020-q2-update.win32_2.0.0.202105311346/tools/bin/../lib/gcc/arm-none-eabi/9.3.1/thumb/v7e-m+fp/hard/crtbegin.o
 *(.text*)
 .text.main     0x00000000080001c8      0x120 ./Core/Src/main.o
                0x00000000080001c8                main
 .text.NMI_Handler
                0x00000000080002e8        0x6 ./Core/Src/stm32f3xx_it.o
                0x00000000080002e8                NMI_Handler
 .text.HardFault_Handler
                0x00000000080002ee        0x6 ./Core/Src/stm32f3xx_it.o
                0x00000000080002ee                HardFault_Handler
 .text.MemManage_Handler
                0x00000000080002f4        0x6 ./Core/Src/stm32f3xx_it.o
                0x00000000080002f4                MemManage_Handler
 .text.BusFault_Handler
                0x00000000080002fa        0x6 ./Core/Src/stm32f3xx_it.o
                0x00000000080002fa                BusFault_Handler
 .text.UsageFault_Handler
                0x0000000008000300        0x6 ./Core/Src/stm32f3xx_it.o
                0x0000000008000300                UsageFault_Handler
 .text.SVC_Handler
                0x0000000008000306        0xe ./Core/Src/stm32f3xx_it.o
                0x0000000008000306                SVC_Handler
 .text.DebugMon_Handler
                0x0000000008000314        0xe ./Core/Src/stm32f3xx_it.o
                0x0000000008000314                DebugMon_Handler
 .text.PendSV_Handler
                0x0000000008000322        0xe ./Core/Src/stm32f3xx_it.o
                0x0000000008000322                PendSV_Handler
 .text.SysTick_Handler
                0x0000000008000330        0xe ./Core/Src/stm32f3xx_it.o
                0x0000000008000330                SysTick_Handler
 *fill*         0x000000000800033e        0x2 
 .text.SystemInit
                0x0000000008000340       0x24 ./Core/Src/system_stm32f3xx.o
                0x0000000008000340                SystemInit
 .text.Reset_Handler
                0x0000000008000364       0x50 ./Core/Startup/startup_stm32f303k8tx.o
                0x0000000008000364                Reset_Handler
 .text.Default_Handler
                0x00000000080003b4        0x2 ./Core/Startup/startup_stm32f303k8tx.o
                0x00000000080003b4                RTC_Alarm_IRQHandler
                0x00000000080003b4                TIM1_CC_IRQHandler
                0x00000000080003b4                PVD_IRQHandler
                0x00000000080003b4                TAMP_STAMP_IRQHandler
                0x00000000080003b4                EXTI3_IRQHandler
                0x00000000080003b4                EXTI0_IRQHandler
                0x00000000080003b4                FPU_IRQHandler
                0x00000000080003b4                CAN_TX_IRQHandler
                0x00000000080003b4                TIM1_UP_TIM16_IRQHandler
                0x00000000080003b4                ADC1_2_IRQHandler
                0x00000000080003b4                SPI1_IRQHandler
                0x00000000080003b4                CAN_SCE_IRQHandler
                0x00000000080003b4                DMA1_Channel4_IRQHandler
                0x00000000080003b4                USART3_IRQHandler
                0x00000000080003b4                DMA1_Channel7_IRQHandler
                0x00000000080003b4                TIM7_DAC2_IRQHandler
                0x00000000080003b4                CAN_RX1_IRQHandler
                0x00000000080003b4                I2C1_EV_IRQHandler
                0x00000000080003b4                DMA1_Channel6_IRQHandler
                0x00000000080003b4                TIM3_IRQHandler
                0x00000000080003b4                RCC_IRQHandler
                0x00000000080003b4                DMA1_Channel1_IRQHandler
                0x00000000080003b4                Default_Handler
                0x00000000080003b4                EXTI15_10_IRQHandler
                0x00000000080003b4                COMP2_IRQHandler
                0x00000000080003b4                TIM6_DAC1_IRQHandler
                0x00000000080003b4                EXTI9_5_IRQHandler
                0x00000000080003b4                RTC_WKUP_IRQHandler
                0x00000000080003b4                DMA1_Channel5_IRQHandler
                0x00000000080003b4                EXTI4_IRQHandler
                0x00000000080003b4                TIM1_TRG_COM_TIM17_IRQHandler
                0x00000000080003b4                DMA1_Channel3_IRQHandler
                0x00000000080003b4                WWDG_IRQHandler
                0x00000000080003b4                TIM2_IRQHandler
                0x00000000080003b4                EXTI1_IRQHandler
                0x00000000080003b4                COMP4_6_IRQHandler
                0x00000000080003b4                USART2_IRQHandler
                0x00000000080003b4                DMA1_Channel2_IRQHandler
                0x00000000080003b4                FLASH_IRQHandler
                0x00000000080003b4                USART1_IRQHandler
                0x00000000080003b4                CAN_RX0_IRQHandler
                0x00000000080003b4                I2C1_ER_IRQHandler
                0x00000000080003b4                EXTI2_TSC_IRQHandler
                0x00000000080003b4                TIM1_BRK_TIM15_IRQHandler
 *fill*         0x00000000080003b6        0x2 
 .text.__libc_init_array
                0x00000000080003b8       0x48 d:/st/stm32cubeide_1.7.0/stm32cubeide/plugins/com.st.stm32cube.ide.mcu.externaltools.gnu-tools-for-stm32.9-2020-q2-update.win32_2.0.0.202105311346/tools/bin/../lib/gcc/arm-none-eabi/9.3.1/../../../../arm-none-eabi/lib/thumb/v7e-m+fp/hard\libc_nano.a(lib_a-init.o)
                0x00000000080003b8                __libc_init_array
 *(.glue_7)
 .glue_7        0x0000000008000400        0x0 linker stubs
 *(.glue_7t)
 .glue_7t       0x0000000008000400        0x0 linker stubs
 *(.eh_frame)
 .eh_frame      0x0000000008000400        0x0 d:/st/stm32cubeide_1.7.0/stm32cubeide/plugins/com.st.stm32cube.ide.mcu.externaltools.gnu-tools-for-stm32.9-2020-q2-update.win32_2.0.0.202105311346/tools/bin/../lib/gcc/arm-none-eabi/9.3.1/thumb/v7e-m+fp/hard/crtbegin.o
 *(.init)
 .init          0x0000000008000400        0x4 d:/st/stm32cubeide_1.7.0/stm32cubeide/plugins/com.st.stm32cube.ide.mcu.externaltools.gnu-tools-for-stm32.9-2020-q2-update.win32_2.0.0.202105311346/tools/bin/../lib/gcc/arm-none-eabi/9.3.1/thumb/v7e-m+fp/hard/crti.o
                0x0000000008000400                _init
 .init          0x0000000008000404        0x8 d:/st/stm32cubeide_1.7.0/stm32cubeide/plugins/com.st.stm32cube.ide.mcu.externaltools.gnu-tools-for-stm32.9-2020-q2-update.win32_2.0.0.202105311346/tools/bin/../lib/gcc/arm-none-eabi/9.3.1/thumb/v7e-m+fp/hard/crtn.o
 *(.fini)
 .fini          0x000000000800040c        0x4 d:/st/stm32cubeide_1.7.0/stm32cubeide/plugins/com.st.stm32cube.ide.mcu.externaltools.gnu-tools-for-stm32.9-2020-q2-update.win32_2.0.0.202105311346/tools/bin/../lib/gcc/arm-none-eabi/9.3.1/thumb/v7e-m+fp/hard/crti.o
                0x000000000800040c                _fini
 .fini          0x0000000008000410        0x8 d:/st/stm32cubeide_1.7.0/stm32cubeide/plugins/com.st.stm32cube.ide.mcu.externaltools.gnu-tools-for-stm32.9-2020-q2-update.win32_2.0.0.202105311346/tools/bin/../lib/gcc/arm-none-eabi/9.3.1/thumb/v7e-m+fp/hard/crtn.o
                0x0000000008000418                . = ALIGN (0x4)
                0x0000000008000418                _etext = .

.vfp11_veneer   0x0000000008000418        0x0
 .vfp11_veneer  0x0000000008000418        0x0 linker stubs

.v4_bx          0x0000000008000418        0x0
 .v4_bx         0x0000000008000418        0x0 linker stubs

.iplt           0x0000000008000418        0x0
 .iplt          0x0000000008000418        0x0 d:/st/stm32cubeide_1.7.0/stm32cubeide/plugins/com.st.stm32cube.ide.mcu.externaltools.gnu-tools-for-stm32.9-2020-q2-update.win32_2.0.0.202105311346/tools/bin/../lib/gcc/arm-none-eabi/9.3.1/thumb/v7e-m+fp/hard/crtbegin.o

.rel.dyn        0x0000000008000418        0x0
 .rel.iplt      0x0000000008000418        0x0 d:/st/stm32cubeide_1.7.0/stm32cubeide/plugins/com.st.stm32cube.ide.mcu.externaltools.gnu-tools-for-stm32.9-2020-q2-update.win32_2.0.0.202105311346/tools/bin/../lib/gcc/arm-none-eabi/9.3.1/thumb/v7e-m+fp/hard/crtbegin.o

.rodata         0x0000000008000418        0x0
                0x0000000008000418                . = ALIGN (0x4)
 *(.rodata)
 *(.rodata*)
                0x0000000008000418                . = ALIGN (0x4)

.ARM.extab      0x0000000008000418        0x0
                0x0000000008000418                . = ALIGN (0x4)
 *(.ARM.extab* .gnu.linkonce.armextab.*)
                0x0000000008000418                . = ALIGN (0x4)

.ARM            0x0000000008000418        0x0
                0x0000000008000418                . = ALIGN (0x4)
                0x0000000008000418                __exidx_start = .
 *(.ARM.exidx*)
                0x0000000008000418                __exidx_end = .
                0x0000000008000418                . = ALIGN (0x4)

.preinit_array  0x0000000008000418        0x0
                0x0000000008000418                . = ALIGN (0x4)
                0x0000000008000418                PROVIDE (__preinit_array_start = .)
 *(.preinit_array*)
                0x0000000008000418                PROVIDE (__preinit_array_end = .)
                0x0000000008000418                . = ALIGN (0x4)

.init_array     0x0000000008000418        0x4
                0x0000000008000418                . = ALIGN (0x4)
                0x0000000008000418                PROVIDE (__init_array_start = .)
 *(SORT_BY_NAME(.init_array.*))
 *(.init_array*)
 .init_array    0x0000000008000418        0x4 d:/st/stm32cubeide_1.7.0/stm32cubeide/plugins/com.st.stm32cube.ide.mcu.externaltools.gnu-tools-for-stm32.9-2020-q2-update.win32_2.0.0.202105311346/tools/bin/../lib/gcc/arm-none-eabi/9.3.1/thumb/v7e-m+fp/hard/crtbegin.o
                0x000000000800041c                PROVIDE (__init_array_end = .)
                0x000000000800041c                . = ALIGN (0x4)

.fini_array     0x000000000800041c        0x4
                0x000000000800041c                . = ALIGN (0x4)
                [!provide]                        PROVIDE (__fini_array_start = .)
 *(SORT_BY_NAME(.fini_array.*))
 *(.fini_array*)
 .fini_array    0x000000000800041c        0x4 d:/st/stm32cubeide_1.7.0/stm32cubeide/plugins/com.st.stm32cube.ide.mcu.externaltools.gnu-tools-for-stm32.9-2020-q2-update.win32_2.0.0.202105311346/tools/bin/../lib/gcc/arm-none-eabi/9.3.1/thumb/v7e-m+fp/hard/crtbegin.o
                [!provide]                        PROVIDE (__fini_array_end = .)
                0x0000000008000420                . = ALIGN (0x4)
                0x0000000008000420                _sidata = LOADADDR (.data)

.data           0x0000000020000000        0x0 load address 0x0000000008000420
                0x0000000020000000                . = ALIGN (0x4)
                0x0000000020000000                _sdata = .
 *(.data)
 *(.data*)
 *(.RamFunc)
 *(.RamFunc*)
                0x0000000020000000                . = ALIGN (0x4)
                0x0000000020000000                _edata = .
                0x0000000008000420                _siccmram = LOADADDR (.ccmram)

.igot.plt       0x0000000020000000        0x0 load address 0x0000000008000420
 .igot.plt      0x0000000020000000        0x0 d:/st/stm32cubeide_1.7.0/stm32cubeide/plugins/com.st.stm32cube.ide.mcu.externaltools.gnu-tools-for-stm32.9-2020-q2-update.win32_2.0.0.202105311346/tools/bin/../lib/gcc/arm-none-eabi/9.3.1/thumb/v7e-m+fp/hard/crtbegin.o

.ccmram         0x0000000010000000        0x0 load address 0x0000000008000420
                0x0000000010000000                . = ALIGN (0x4)
                0x0000000010000000                _sccmram = .
 *(.ccmram)
 *(.ccmram*)
                0x0000000010000000                . = ALIGN (0x4)
                0x0000000010000000                _eccmram = .
                0x0000000010000000                . = ALIGN (0x4)

.bss            0x0000000020000000       0x1c
                0x0000000020000000                _sbss = .
                0x0000000020000000                __bss_start__ = _sbss
 *(.bss)
 .bss           0x0000000020000000       0x1c d:/st/stm32cubeide_1.7.0/stm32cubeide/plugins/com.st.stm32cube.ide.mcu.externaltools.gnu-tools-for-stm32.9-2020-q2-update.win32_2.0.0.202105311346/tools/bin/../lib/gcc/arm-none-eabi/9.3.1/thumb/v7e-m+fp/hard/crtbegin.o
 *(.bss*)
 *(COMMON)
                0x000000002000001c                . = ALIGN (0x4)
                0x000000002000001c                _ebss = .
                0x000000002000001c                __bss_end__ = _ebss

._user_heap_stack
                0x000000002000001c      0x604
                0x0000000020000020                . = ALIGN (0x8)
 *fill*         0x000000002000001c        0x4 
                [!provide]                        PROVIDE (end = .)
                0x0000000020000020                PROVIDE (_end = .)
                0x0000000020000220                . = (. + _Min_Heap_Size)
 *fill*         0x0000000020000020      0x200 
                0x0000000020000620                . = (. + _Min_Stack_Size)
 *fill*         0x0000000020000220      0x400 
                0x0000000020000620                . = ALIGN (0x8)

/DISCARD/
 libc.a(*)
 libm.a(*)
 libgcc.a(*)

.ARM.attributes
                0x0000000000000000       0x30
 *(.ARM.attributes)
 .ARM.attributes
                0x0000000000000000       0x1e d:/st/stm32cubeide_1.7.0/stm32cubeide/plugins/com.st.stm32cube.ide.mcu.externaltools.gnu-tools-for-stm32.9-2020-q2-update.win32_2.0.0.202105311346/tools/bin/../lib/gcc/arm-none-eabi/9.3.1/thumb/v7e-m+fp/hard/crti.o
 .ARM.attributes
                0x000000000000001e       0x34 d:/st/stm32cubeide_1.7.0/stm32cubeide/plugins/com.st.stm32cube.ide.mcu.externaltools.gnu-tools-for-stm32.9-2020-q2-update.win32_2.0.0.202105311346/tools/bin/../lib/gcc/arm-none-eabi/9.3.1/thumb/v7e-m+fp/hard/crtbegin.o
 .ARM.attributes
                0x0000000000000052       0x34 ./Core/Src/main.o
 .ARM.attributes
                0x0000000000000086       0x34 ./Core/Src/stm32f3xx_it.o
 .ARM.attributes
                0x00000000000000ba       0x34 ./Core/Src/system_stm32f3xx.o
 .ARM.attributes
                0x00000000000000ee       0x21 ./Core/Startup/startup_stm32f303k8tx.o
 .ARM.attributes
                0x000000000000010f       0x34 d:/st/stm32cubeide_1.7.0/stm32cubeide/plugins/com.st.stm32cube.ide.mcu.externaltools.gnu-tools-for-stm32.9-2020-q2-update.win32_2.0.0.202105311346/tools/bin/../lib/gcc/arm-none-eabi/9.3.1/../../../../arm-none-eabi/lib/thumb/v7e-m+fp/hard\libc_nano.a(lib_a-init.o)
 .ARM.attributes
                0x0000000000000143       0x1e d:/st/stm32cubeide_1.7.0/stm32cubeide/plugins/com.st.stm32cube.ide.mcu.externaltools.gnu-tools-for-stm32.9-2020-q2-update.win32_2.0.0.202105311346/tools/bin/../lib/gcc/arm-none-eabi/9.3.1/thumb/v7e-m+fp/hard/crtn.o
OUTPUT(vrs_cv2_ll_programming.elf elf32-littlearm)
LOAD linker stubs
LOAD d:/st/stm32cubeide_1.7.0/stm32cubeide/plugins/com.st.stm32cube.ide.mcu.externaltools.gnu-tools-for-stm32.9-2020-q2-update.win32_2.0.0.202105311346/tools/bin/../lib/gcc/arm-none-eabi/9.3.1/../../../../arm-none-eabi/lib/thumb/v7e-m+fp/hard\libc.a
LOAD d:/st/stm32cubeide_1.7.0/stm32cubeide/plugins/com.st.stm32cube.ide.mcu.externaltools.gnu-tools-for-stm32.9-2020-q2-update.win32_2.0.0.202105311346/tools/bin/../lib/gcc/arm-none-eabi/9.3.1/../../../../arm-none-eabi/lib/thumb/v7e-m+fp/hard\libm.a
LOAD d:/st/stm32cubeide_1.7.0/stm32cubeide/plugins/com.st.stm32cube.ide.mcu.externaltools.gnu-tools-for-stm32.9-2020-q2-update.win32_2.0.0.202105311346/tools/bin/../lib/gcc/arm-none-eabi/9.3.1/thumb/v7e-m+fp/hard\libgcc.a

.debug_info     0x0000000000000000      0xb0f
 .debug_info    0x0000000000000000      0x4ce ./Core/Src/main.o
 .debug_info    0x00000000000004ce      0x1e6 ./Core/Src/stm32f3xx_it.o
 .debug_info    0x00000000000006b4      0x439 ./Core/Src/system_stm32f3xx.o
 .debug_info    0x0000000000000aed       0x22 ./Core/Startup/startup_stm32f303k8tx.o

.debug_abbrev   0x0000000000000000      0x3b3
 .debug_abbrev  0x0000000000000000      0x1cb ./Core/Src/main.o
 .debug_abbrev  0x00000000000001cb       0xad ./Core/Src/stm32f3xx_it.o
 .debug_abbrev  0x0000000000000278      0x129 ./Core/Src/system_stm32f3xx.o
 .debug_abbrev  0x00000000000003a1       0x12 ./Core/Startup/startup_stm32f303k8tx.o

.debug_aranges  0x0000000000000000      0x130
 .debug_aranges
                0x0000000000000000       0x80 ./Core/Src/main.o
 .debug_aranges
                0x0000000000000080       0x60 ./Core/Src/stm32f3xx_it.o
 .debug_aranges
                0x00000000000000e0       0x28 ./Core/Src/system_stm32f3xx.o
 .debug_aranges
                0x0000000000000108       0x28 ./Core/Startup/startup_stm32f303k8tx.o

.debug_ranges   0x0000000000000000       0xf8
 .debug_ranges  0x0000000000000000       0x70 ./Core/Src/main.o
 .debug_ranges  0x0000000000000070       0x50 ./Core/Src/stm32f3xx_it.o
 .debug_ranges  0x00000000000000c0       0x18 ./Core/Src/system_stm32f3xx.o
 .debug_ranges  0x00000000000000d8       0x20 ./Core/Startup/startup_stm32f303k8tx.o

.debug_macro    0x0000000000000000    0x13d8b
 .debug_macro   0x0000000000000000      0x12c ./Core/Src/main.o
 .debug_macro   0x000000000000012c      0xade ./Core/Src/main.o
 .debug_macro   0x0000000000000c0a       0x2e ./Core/Src/main.o
 .debug_macro   0x0000000000000c38       0x28 ./Core/Src/main.o
 .debug_macro   0x0000000000000c60       0x22 ./Core/Src/main.o
 .debug_macro   0x0000000000000c82       0x8e ./Core/Src/main.o
 .debug_macro   0x0000000000000d10       0x51 ./Core/Src/main.o
 .debug_macro   0x0000000000000d61      0x103 ./Core/Src/main.o
 .debug_macro   0x0000000000000e64       0x6a ./Core/Src/main.o
 .debug_macro   0x0000000000000ece      0x1df ./Core/Src/main.o
 .debug_macro   0x00000000000010ad       0x1c ./Core/Src/main.o
 .debug_macro   0x00000000000010c9       0x22 ./Core/Src/main.o
 .debug_macro   0x00000000000010eb       0xdf ./Core/Src/main.o
 .debug_macro   0x00000000000011ca      0xf07 ./Core/Src/main.o
 .debug_macro   0x00000000000020d1    0x10be0 ./Core/Src/main.o
 .debug_macro   0x0000000000012cb1       0x6d ./Core/Src/main.o
 .debug_macro   0x0000000000012d1e      0x4bc ./Core/Src/main.o
 .debug_macro   0x00000000000131da       0xe1 ./Core/Src/main.o
 .debug_macro   0x00000000000132bb      0x29f ./Core/Src/main.o
 .debug_macro   0x000000000001355a       0xfe ./Core/Src/main.o
 .debug_macro   0x0000000000013658       0x28 ./Core/Src/main.o
 .debug_macro   0x0000000000013680       0x30 ./Core/Src/main.o
 .debug_macro   0x00000000000136b0       0xa8 ./Core/Src/main.o
 .debug_macro   0x0000000000013758      0x287 ./Core/Src/main.o
 .debug_macro   0x00000000000139df      0x142 ./Core/Src/main.o
 .debug_macro   0x0000000000013b21       0x22 ./Core/Src/main.o
 .debug_macro   0x0000000000013b43       0x5e ./Core/Src/main.o
 .debug_macro   0x0000000000013ba1      0x12d ./Core/Src/stm32f3xx_it.o
 .debug_macro   0x0000000000013cce       0xbd ./Core/Src/system_stm32f3xx.o

.debug_line     0x0000000000000000     0x12df
 .debug_line    0x0000000000000000      0x760 ./Core/Src/main.o
 .debug_line    0x0000000000000760      0x61f ./Core/Src/stm32f3xx_it.o
 .debug_line    0x0000000000000d7f      0x4d8 ./Core/Src/system_stm32f3xx.o
 .debug_line    0x0000000000001257       0x88 ./Core/Startup/startup_stm32f303k8tx.o

.debug_str      0x0000000000000000    0x6c37a
 .debug_str     0x0000000000000000    0x6c1ca ./Core/Src/main.o
                                      0x6c365 (size before relaxing)
 .debug_str     0x000000000006c1ca       0xbd ./Core/Src/stm32f3xx_it.o
                                      0x6bf28 (size before relaxing)
 .debug_str     0x000000000006c287       0xbd ./Core/Src/system_stm32f3xx.o
                                      0x6573c (size before relaxing)
 .debug_str     0x000000000006c344       0x36 ./Core/Startup/startup_stm32f303k8tx.o
                                         0x9d (size before relaxing)

.comment        0x0000000000000000       0x53
 .comment       0x0000000000000000       0x53 ./Core/Src/main.o
                                         0x54 (size before relaxing)
 .comment       0x0000000000000053       0x54 ./Core/Src/stm32f3xx_it.o
 .comment       0x0000000000000053       0x54 ./Core/Src/system_stm32f3xx.o

.debug_frame    0x0000000000000000      0x35c
 .debug_frame   0x0000000000000000      0x1d0 ./Core/Src/main.o
 .debug_frame   0x00000000000001d0      0x108 ./Core/Src/stm32f3xx_it.o
 .debug_frame   0x00000000000002d8       0x58 ./Core/Src/system_stm32f3xx.o
 .debug_frame   0x0000000000000330       0x2c d:/st/stm32cubeide_1.7.0/stm32cubeide/plugins/com.st.stm32cube.ide.mcu.externaltools.gnu-tools-for-stm32.9-2020-q2-update.win32_2.0.0.202105311346/tools/bin/../lib/gcc/arm-none-eabi/9.3.1/../../../../arm-none-eabi/lib/thumb/v7e-m+fp/hard\libc_nano.a(lib_a-init.o)
